MSBuild version 18.3.3+e7aa4b537 for .NET
  NMSFM.Data -> I:\NMSFM REPOS\Fire Grant App - CVE Fixes\NMSFM_FGF_CVE\NMSFM.Data\bin\Debug\NMSFM.Data.dll
  NMSFM.Services -> I:\NMSFM REPOS\Fire Grant App - CVE Fixes\NMSFM_FGF_CVE\NMSFM.Services\bin\Debug\NMSFM.Services.dll
C:\Program Files\dotnet\sdk\10.0.204\Microsoft.Common.CurrentVersion.targets(2451,5): warning MSB3245: Could not resolve this reference. Could not locate the assembly "Telerik.Documents.SpreadsheetStreaming". Check to make sure the assembly exists on disk. If this reference is required by your code, you may get compilation errors. [I:\NMSFM REPOS\Fire Grant App - CVE Fixes\NMSFM_FGF_CVE\NMSFMFireGrantWF\NMSFMFireGrantWF\NMSFMFireGrantWF.csproj]
C:\Program Files\dotnet\sdk\10.0.204\Microsoft.Common.CurrentVersion.targets(2451,5): warning MSB3245: Could not resolve this reference. Could not locate the assembly "Telerik.Web.Design". Check to make sure the assembly exists on disk. If this reference is required by your code, you may get compilation errors. [I:\NMSFM REPOS\Fire Grant App - CVE Fixes\NMSFM_FGF_CVE\NMSFMFireGrantWF\NMSFMFireGrantWF\NMSFMFireGrantWF.csproj]
C:\Program Files\dotnet\sdk\10.0.204\Microsoft.Common.CurrentVersion.targets(2451,5): warning MSB3245: Could not resolve this reference. Could not locate the assembly "Telerik.Web.Spreadsheet". Check to make sure the assembly exists on disk. If this reference is required by your code, you may get compilation errors. [I:\NMSFM REPOS\Fire Grant App - CVE Fixes\NMSFM_FGF_CVE\NMSFMFireGrantWF\NMSFMFireGrantWF\NMSFMFireGrantWF.csproj]
C:\Program Files\dotnet\sdk\10.0.204\Microsoft.Common.CurrentVersion.targets(2451,5): warning MSB3245: Could not resolve this reference. Could not locate the assembly "Telerik.Web.UI". Check to make sure the assembly exists on disk. If this reference is required by your code, you may get compilation errors. [I:\NMSFM REPOS\Fire Grant App - CVE Fixes\NMSFM_FGF_CVE\NMSFMFireGrantWF\NMSFMFireGrantWF\NMSFMFireGrantWF.csproj]
C:\Program Files\dotnet\sdk\10.0.204\Microsoft.Common.CurrentVersion.targets(2451,5): warning MSB3245: Could not resolve this reference. Could not locate the assembly "Telerik.Web.UI.Skins". Check to make sure the assembly exists on disk. If this reference is required by your code, you may get compilation errors. [I:\NMSFM REPOS\Fire Grant App - CVE Fixes\NMSFM_FGF_CVE\NMSFMFireGrantWF\NMSFMFireGrantWF\NMSFMFireGrantWF.csproj]
C:\Program Files\dotnet\sdk\10.0.204\Microsoft.Common.CurrentVersion.targets(2451,5): warning MSB3245: Could not resolve this reference. Could not locate the assembly "Telerik.Windows.Documents.CMapUtils". Check to make sure the assembly exists on disk. If this reference is required by your code, you may get compilation errors. [I:\NMSFM REPOS\Fire Grant App - CVE Fixes\NMSFM_FGF_CVE\NMSFMFireGrantWF\NMSFMFireGrantWF\NMSFMFireGrantWF.csproj]
C:\Program Files\dotnet\sdk\10.0.204\Microsoft.Common.CurrentVersion.targets(2451,5): warning MSB3245: Could not resolve this reference. Could not locate the assembly "Telerik.Windows.Documents.Core". Check to make sure the assembly exists on disk. If this reference is required by your code, you may get compilation errors. [I:\NMSFM REPOS\Fire Grant App - CVE Fixes\NMSFM_FGF_CVE\NMSFMFireGrantWF\NMSFMFireGrantWF\NMSFMFireGrantWF.csproj]
C:\Program Files\dotnet\sdk\10.0.204\Microsoft.Common.CurrentVersion.targets(2451,5): warning MSB3245: Could not resolve this reference. Could not locate the assembly "Telerik.Windows.Documents.DrawingML". Check to make sure the assembly exists on disk. If this reference is required by your code, you may get compilation errors. [I:\NMSFM REPOS\Fire Grant App - CVE Fixes\NMSFM_FGF_CVE\NMSFMFireGrantWF\NMSFMFireGrantWF\NMSFMFireGrantWF.csproj]
C:\Program Files\dotnet\sdk\10.0.204\Microsoft.Common.CurrentVersion.targets(2451,5): warning MSB3245: Could not resolve this reference. Could not locate the assembly "Telerik.Windows.Documents.Fixed". Check to make sure the assembly exists on disk. If this reference is required by your code, you may get compilation errors. [I:\NMSFM REPOS\Fire Grant App - CVE Fixes\NMSFM_FGF_CVE\NMSFMFireGrantWF\NMSFMFireGrantWF\NMSFMFireGrantWF.csproj]
C:\Program Files\dotnet\sdk\10.0.204\Microsoft.Common.CurrentVersion.targets(2451,5): warning MSB3245: Could not resolve this reference. Could not locate the assembly "Telerik.Windows.Documents.Flow". Check to make sure the assembly exists on disk. If this reference is required by your code, you may get compilation errors. [I:\NMSFM REPOS\Fire Grant App - CVE Fixes\NMSFM_FGF_CVE\NMSFMFireGrantWF\NMSFMFireGrantWF\NMSFMFireGrantWF.csproj]
C:\Program Files\dotnet\sdk\10.0.204\Microsoft.Common.CurrentVersion.targets(2451,5): warning MSB3245: Could not resolve this reference. Could not locate the assembly "Telerik.Windows.Documents.Flow.FormatProviders.Doc". Check to make sure the assembly exists on disk. If this reference is required by your code, you may get compilation errors. [I:\NMSFM REPOS\Fire Grant App - CVE Fixes\NMSFM_FGF_CVE\NMSFMFireGrantWF\NMSFMFireGrantWF\NMSFMFireGrantWF.csproj]
C:\Program Files\dotnet\sdk\10.0.204\Microsoft.Common.CurrentVersion.targets(2451,5): warning MSB3245: Could not resolve this reference. Could not locate the assembly "Telerik.Windows.Documents.Flow.FormatProviders.Pdf". Check to make sure the assembly exists on disk. If this reference is required by your code, you may get compilation errors. [I:\NMSFM REPOS\Fire Grant App - CVE Fixes\NMSFM_FGF_CVE\NMSFMFireGrantWF\NMSFMFireGrantWF\NMSFMFireGrantWF.csproj]
C:\Program Files\dotnet\sdk\10.0.204\Microsoft.Common.CurrentVersion.targets(2451,5): warning MSB3245: Could not resolve this reference. Could not locate the assembly "Telerik.Windows.Documents.Spreadsheet". Check to make sure the assembly exists on disk. If this reference is required by your code, you may get compilation errors. [I:\NMSFM REPOS\Fire Grant App - CVE Fixes\NMSFM_FGF_CVE\NMSFMFireGrantWF\NMSFMFireGrantWF\NMSFMFireGrantWF.csproj]
C:\Program Files\dotnet\sdk\10.0.204\Microsoft.Common.CurrentVersion.targets(2451,5): warning MSB3245: Could not resolve this reference. Could not locate the assembly "Telerik.Windows.Documents.Spreadsheet.FormatProviders.OpenXml". Check to make sure the assembly exists on disk. If this reference is required by your code, you may get compilation errors. [I:\NMSFM REPOS\Fire Grant App - CVE Fixes\NMSFM_FGF_CVE\NMSFMFireGrantWF\NMSFMFireGrantWF\NMSFMFireGrantWF.csproj]
C:\Program Files\dotnet\sdk\10.0.204\Microsoft.Common.CurrentVersion.targets(2451,5): warning MSB3245: Could not resolve this reference. Could not locate the assembly "Telerik.Windows.Documents.Spreadsheet.FormatProviders.Pdf". Check to make sure the assembly exists on disk. If this reference is required by your code, you may get compilation errors. [I:\NMSFM REPOS\Fire Grant App - CVE Fixes\NMSFM_FGF_CVE\NMSFMFireGrantWF\NMSFMFireGrantWF\NMSFMFireGrantWF.csproj]
C:\Program Files\dotnet\sdk\10.0.204\Microsoft.Common.CurrentVersion.targets(2451,5): warning MSB3245: Could not resolve this reference. Could not locate the assembly "Telerik.Windows.Documents.Spreadsheet.FormatProviders.Xls". Check to make sure the assembly exists on disk. If this reference is required by your code, you may get compilation errors. [I:\NMSFM REPOS\Fire Grant App - CVE Fixes\NMSFM_FGF_CVE\NMSFMFireGrantWF\NMSFMFireGrantWF\NMSFMFireGrantWF.csproj]
C:\Program Files\dotnet\sdk\10.0.204\Microsoft.Common.CurrentVersion.targets(2451,5): warning MSB3245: Could not resolve this reference. Could not locate the assembly "Telerik.Windows.Zip". Check to make sure the assembly exists on disk. If this reference is required by your code, you may get compilation errors. [I:\NMSFM REPOS\Fire Grant App - CVE Fixes\NMSFM_FGF_CVE\NMSFMFireGrantWF\NMSFMFireGrantWF\NMSFMFireGrantWF.csproj]
C:\Program Files\dotnet\sdk\10.0.204\Microsoft.Common.CurrentVersion.targets(2451,5): warning MSB3245: Could not resolve this reference. Could not locate the assembly "Telerik.Windows.Zip.Extensions". Check to make sure the assembly exists on disk. If this reference is required by your code, you may get compilation errors. [I:\NMSFM REPOS\Fire Grant App - CVE Fixes\NMSFM_FGF_CVE\NMSFMFireGrantWF\NMSFMFireGrantWF\NMSFMFireGrantWF.csproj]
I:\NMSFM REPOS\Fire Grant App - CVE Fixes\NMSFM_FGF_CVE\NMSFMFireGrantWF\NMSFMFireGrantWF\Account\AddCodePalUser.aspx.cs(24,15): error CS0234: The type or namespace name 'Web' does not exist in the namespace 'Telerik' (are you missing an assembly reference?) [I:\NMSFM REPOS\Fire Grant App - CVE Fixes\NMSFM_FGF_CVE\NMSFMFireGrantWF\NMSFMFireGrantWF\NMSFMFireGrantWF.csproj]
I:\NMSFM REPOS\Fire Grant App - CVE Fixes\NMSFM_FGF_CVE\NMSFMFireGrantWF\NMSFMFireGrantWF\Account\EditUser.aspx.cs(24,15): error CS0234: The type or namespace name 'Web' does not exist in the namespace 'Telerik' (are you missing an assembly reference?) [I:\NMSFM REPOS\Fire Grant App - CVE Fixes\NMSFM_FGF_CVE\NMSFMFireGrantWF\NMSFMFireGrantWF\NMSFMFireGrantWF.csproj]
I:\NMSFM REPOS\Fire Grant App - CVE Fixes\NMSFM_FGF_CVE\NMSFMFireGrantWF\NMSFMFireGrantWF\Account\Forgot.aspx.cs(24,15): error CS0234: The type or namespace name 'Web' does not exist in the namespace 'Telerik' (are you missing an assembly reference?) [I:\NMSFM REPOS\Fire Grant App - CVE Fixes\NMSFM_FGF_CVE\NMSFMFireGrantWF\NMSFMFireGrantWF\NMSFMFireGrantWF.csproj]
I:\NMSFM REPOS\Fire Grant App - CVE Fixes\NMSFM_FGF_CVE\NMSFMFireGrantWF\NMSFMFireGrantWF\Account\ManagePassword.aspx.cs(22,15): error CS0234: The type or namespace name 'Web' does not exist in the namespace 'Telerik' (are you missing an assembly reference?) [I:\NMSFM REPOS\Fire Grant App - CVE Fixes\NMSFM_FGF_CVE\NMSFMFireGrantWF\NMSFMFireGrantWF\NMSFMFireGrantWF.csproj]
I:\NMSFM REPOS\Fire Grant App - CVE Fixes\NMSFM_FGF_CVE\NMSFMFireGrantWF\NMSFMFireGrantWF\Account\ManageUsers.aspx.cs(20,15): error CS0234: The type or namespace name 'Web' does not exist in the namespace 'Telerik' (are you missing an assembly reference?) [I:\NMSFM REPOS\Fire Grant App - CVE Fixes\NMSFM_FGF_CVE\NMSFMFireGrantWF\NMSFMFireGrantWF\NMSFMFireGrantWF.csproj]
I:\NMSFM REPOS\Fire Grant App - CVE Fixes\NMSFM_FGF_CVE\NMSFMFireGrantWF\NMSFMFireGrantWF\Account\Register.aspx.cs(24,15): error CS0234: The type or namespace name 'Web' does not exist in the namespace 'Telerik' (are you missing an assembly reference?) [I:\NMSFM REPOS\Fire Grant App - CVE Fixes\NMSFM_FGF_CVE\NMSFMFireGrantWF\NMSFMFireGrantWF\NMSFMFireGrantWF.csproj]
I:\NMSFM REPOS\Fire Grant App - CVE Fixes\NMSFM_FGF_CVE\NMSFMFireGrantWF\NMSFMFireGrantWF\Account\ResetPassword.aspx.cs(24,15): error CS0234: The type or namespace name 'Web' does not exist in the namespace 'Telerik' (are you missing an assembly reference?) [I:\NMSFM REPOS\Fire Grant App - CVE Fixes\NMSFM_FGF_CVE\NMSFMFireGrantWF\NMSFMFireGrantWF\NMSFMFireGrantWF.csproj]
I:\NMSFM REPOS\Fire Grant App - CVE Fixes\NMSFM_FGF_CVE\NMSFMFireGrantWF\NMSFMFireGrantWF\Account\AddNewUser.aspx.cs(24,15): error CS0234: The type or namespace name 'Web' does not exist in the namespace 'Telerik' (are you missing an assembly reference?) [I:\NMSFM REPOS\Fire Grant App - CVE Fixes\NMSFM_FGF_CVE\NMSFMFireGrantWF\NMSFMFireGrantWF\NMSFMFireGrantWF.csproj]
I:\NMSFM REPOS\Fire Grant App - CVE Fixes\NMSFM_FGF_CVE\NMSFMFireGrantWF\NMSFMFireGrantWF\Admin\AdminReport.aspx.cs(21,15): error CS0234: The type or namespace name 'Web' does not exist in the namespace 'Telerik' (are you missing an assembly reference?) [I:\NMSFM REPOS\Fire Grant App - CVE Fixes\NMSFM_FGF_CVE\NMSFMFireGrantWF\NMSFMFireGrantWF\NMSFMFireGrantWF.csproj]
I:\NMSFM REPOS\Fire Grant App - CVE Fixes\NMSFM_FGF_CVE\NMSFMFireGrantWF\NMSFMFireGrantWF\Admin\Category.aspx.cs(20,15): error CS0234: The type or namespace name 'Web' does not exist in the namespace 'Telerik' (are you missing an assembly reference?) [I:\NMSFM REPOS\Fire Grant App - CVE Fixes\NMSFM_FGF_CVE\NMSFMFireGrantWF\NMSFMFireGrantWF\NMSFMFireGrantWF.csproj]
I:\NMSFM REPOS\Fire Grant App - CVE Fixes\NMSFM_FGF_CVE\NMSFMFireGrantWF\NMSFMFireGrantWF\Admin\Home.aspx.cs(24,15): error CS0234: The type or namespace name 'Web' does not exist in the namespace 'Telerik' (are you missing an assembly reference?) [I:\NMSFM REPOS\Fire Grant App - CVE Fixes\NMSFM_FGF_CVE\NMSFMFireGrantWF\NMSFMFireGrantWF\NMSFMFireGrantWF.csproj]
I:\NMSFM REPOS\Fire Grant App - CVE Fixes\NMSFM_FGF_CVE\NMSFMFireGrantWF\NMSFMFireGrantWF\Admin\ManageCategories.aspx.cs(20,15): error CS0234: The type or namespace name 'Web' does not exist in the namespace 'Telerik' (are you missing an assembly reference?) [I:\NMSFM REPOS\Fire Grant App - CVE Fixes\NMSFM_FGF_CVE\NMSFMFireGrantWF\NMSFMFireGrantWF\NMSFMFireGrantWF.csproj]
I:\NMSFM REPOS\Fire Grant App - CVE Fixes\NMSFM_FGF_CVE\NMSFMFireGrantWF\NMSFMFireGrantWF\Admin\ManageFDIDs.aspx.cs(20,15): error CS0234: The type or namespace name 'Web' does not exist in the namespace 'Telerik' (are you missing an assembly reference?) [I:\NMSFM REPOS\Fire Grant App - CVE Fixes\NMSFM_FGF_CVE\NMSFMFireGrantWF\NMSFMFireGrantWF\NMSFMFireGrantWF.csproj]
I:\NMSFM REPOS\Fire Grant App - CVE Fixes\NMSFM_FGF_CVE\NMSFMFireGrantWF\NMSFMFireGrantWF\Admin\ManageHelpText.aspx.cs(20,15): error CS0234: The type or namespace name 'Web' does not exist in the namespace 'Telerik' (are you missing an assembly reference?) [I:\NMSFM REPOS\Fire Grant App - CVE Fixes\NMSFM_FGF_CVE\NMSFMFireGrantWF\NMSFMFireGrantWF\NMSFMFireGrantWF.csproj]
I:\NMSFM REPOS\Fire Grant App - CVE Fixes\NMSFM_FGF_CVE\NMSFMFireGrantWF\NMSFMFireGrantWF\Admin\ManageLegacyApps.aspx.cs(22,15): error CS0234: The type or namespace name 'Web' does not exist in the namespace 'Telerik' (are you missing an assembly reference?) [I:\NMSFM REPOS\Fire Grant App - CVE Fixes\NMSFM_FGF_CVE\NMSFMFireGrantWF\NMSFMFireGrantWF\NMSFMFireGrantWF.csproj]
I:\NMSFM REPOS\Fire Grant App - CVE Fixes\NMSFM_FGF_CVE\NMSFMFireGrantWF\NMSFMFireGrantWF\Admin\ManageSettings.aspx.cs(20,15): error CS0234: The type or namespace name 'Web' does not exist in the namespace 'Telerik' (are you missing an assembly reference?) [I:\NMSFM REPOS\Fire Grant App - CVE Fixes\NMSFM_FGF_CVE\NMSFMFireGrantWF\NMSFMFireGrantWF\NMSFMFireGrantWF.csproj]
I:\NMSFM REPOS\Fire Grant App - CVE Fixes\NMSFM_FGF_CVE\NMSFMFireGrantWF\NMSFMFireGrantWF\Admin\SearchHelp.aspx.cs(20,15): error CS0234: The type or namespace name 'Web' does not exist in the namespace 'Telerik' (are you missing an assembly reference?) [I:\NMSFM REPOS\Fire Grant App - CVE Fixes\NMSFM_FGF_CVE\NMSFMFireGrantWF\NMSFMFireGrantWF\NMSFMFireGrantWF.csproj]
I:\NMSFM REPOS\Fire Grant App - CVE Fixes\NMSFM_FGF_CVE\NMSFMFireGrantWF\NMSFMFireGrantWF\Admin\ViewLegacyApps.aspx.cs(22,15): error CS0234: The type or namespace name 'Web' does not exist in the namespace 'Telerik' (are you missing an assembly reference?) [I:\NMSFM REPOS\Fire Grant App - CVE Fixes\NMSFM_FGF_CVE\NMSFMFireGrantWF\NMSFMFireGrantWF\NMSFMFireGrantWF.csproj]
I:\NMSFM REPOS\Fire Grant App - CVE Fixes\NMSFM_FGF_CVE\NMSFMFireGrantWF\NMSFMFireGrantWF\Application\ApplicationMstr.Master.cs(22,15): error CS0234: The type or namespace name 'Web' does not exist in the namespace 'Telerik' (are you missing an assembly reference?) [I:\NMSFM REPOS\Fire Grant App - CVE Fixes\NMSFM_FGF_CVE\NMSFMFireGrantWF\NMSFMFireGrantWF\NMSFMFireGrantWF.csproj]
I:\NMSFM REPOS\Fire Grant App - CVE Fixes\NMSFM_FGF_CVE\NMSFMFireGrantWF\NMSFMFireGrantWF\Application\Apparatus.aspx.cs(24,15): error CS0234: The type or namespace name 'Web' does not exist in the namespace 'Telerik' (are you missing an assembly reference?) [I:\NMSFM REPOS\Fire Grant App - CVE Fixes\NMSFM_FGF_CVE\NMSFMFireGrantWF\NMSFMFireGrantWF\NMSFMFireGrantWF.csproj]
I:\NMSFM REPOS\Fire Grant App - CVE Fixes\NMSFM_FGF_CVE\NMSFMFireGrantWF\NMSFMFireGrantWF\Application\ApplicationReview.aspx.cs(24,15): error CS0234: The type or namespace name 'Web' does not exist in the namespace 'Telerik' (are you missing an assembly reference?) [I:\NMSFM REPOS\Fire Grant App - CVE Fixes\NMSFM_FGF_CVE\NMSFMFireGrantWF\NMSFMFireGrantWF\NMSFMFireGrantWF.csproj]
I:\NMSFM REPOS\Fire Grant App - CVE Fixes\NMSFM_FGF_CVE\NMSFMFireGrantWF\NMSFMFireGrantWF\Application\ApplicationStatus.aspx.cs(24,15): error CS0234: The type or namespace name 'Web' does not exist in the namespace 'Telerik' (are you missing an assembly reference?) [I:\NMSFM REPOS\Fire Grant App - CVE Fixes\NMSFM_FGF_CVE\NMSFMFireGrantWF\NMSFMFireGrantWF\NMSFMFireGrantWF.csproj]
I:\NMSFM REPOS\Fire Grant App - CVE Fixes\NMSFM_FGF_CVE\NMSFMFireGrantWF\NMSFMFireGrantWF\Application\BudgetInfo.aspx.cs(24,15): error CS0234: The type or namespace name 'Web' does not exist in the namespace 'Telerik' (are you missing an assembly reference?) [I:\NMSFM REPOS\Fire Grant App - CVE Fixes\NMSFM_FGF_CVE\NMSFMFireGrantWF\NMSFMFireGrantWF\NMSFMFireGrantWF.csproj]
I:\NMSFM REPOS\Fire Grant App - CVE Fixes\NMSFM_FGF_CVE\NMSFMFireGrantWF\NMSFMFireGrantWF\Application\CommunicationEquipment.aspx.cs(24,15): error CS0234: The type or namespace name 'Web' does not exist in the namespace 'Telerik' (are you missing an assembly reference?) [I:\NMSFM REPOS\Fire Grant App - CVE Fixes\NMSFM_FGF_CVE\NMSFMFireGrantWF\NMSFMFireGrantWF\NMSFMFireGrantWF.csproj]
I:\NMSFM REPOS\Fire Grant App - CVE Fixes\NMSFM_FGF_CVE\NMSFMFireGrantWF\NMSFMFireGrantWF\Application\CommunityInfo.aspx.cs(24,15): error CS0234: The type or namespace name 'Web' does not exist in the namespace 'Telerik' (are you missing an assembly reference?) [I:\NMSFM REPOS\Fire Grant App - CVE Fixes\NMSFM_FGF_CVE\NMSFMFireGrantWF\NMSFMFireGrantWF\NMSFMFireGrantWF.csproj]
I:\NMSFM REPOS\Fire Grant App - CVE Fixes\NMSFM_FGF_CVE\NMSFMFireGrantWF\NMSFMFireGrantWF\Application\EquipmentNeeds.aspx.cs(24,15): error CS0234: The type or namespace name 'Web' does not exist in the namespace 'Telerik' (are you missing an assembly reference?) [I:\NMSFM REPOS\Fire Grant App - CVE Fixes\NMSFM_FGF_CVE\NMSFMFireGrantWF\NMSFMFireGrantWF\NMSFMFireGrantWF.csproj]
I:\NMSFM REPOS\Fire Grant App - CVE Fixes\NMSFM_FGF_CVE\NMSFMFireGrantWF\NMSFMFireGrantWF\Application\FundingJustification.aspx.cs(24,15): error CS0234: The type or namespace name 'Web' does not exist in the namespace 'Telerik' (are you missing an assembly reference?) [I:\NMSFM REPOS\Fire Grant App - CVE Fixes\NMSFM_FGF_CVE\NMSFMFireGrantWF\NMSFMFireGrantWF\NMSFMFireGrantWF.csproj]
I:\NMSFM REPOS\Fire Grant App - CVE Fixes\NMSFM_FGF_CVE\NMSFMFireGrantWF\NMSFMFireGrantWF\Application\GeneralInformation.aspx.cs(24,15): error CS0234: The type or namespace name 'Web' does not exist in the namespace 'Telerik' (are you missing an assembly reference?) [I:\NMSFM REPOS\Fire Grant App - CVE Fixes\NMSFM_FGF_CVE\NMSFMFireGrantWF\NMSFMFireGrantWF\NMSFMFireGrantWF.csproj]
I:\NMSFM REPOS\Fire Grant App - CVE Fixes\NMSFM_FGF_CVE\NMSFMFireGrantWF\NMSFMFireGrantWF\Application\HazardsThreats.aspx.cs(24,15): error CS0234: The type or namespace name 'Web' does not exist in the namespace 'Telerik' (are you missing an assembly reference?) [I:\NMSFM REPOS\Fire Grant App - CVE Fixes\NMSFM_FGF_CVE\NMSFMFireGrantWF\NMSFMFireGrantWF\NMSFMFireGrantWF.csproj]
I:\NMSFM REPOS\Fire Grant App - CVE Fixes\NMSFM_FGF_CVE\NMSFMFireGrantWF\NMSFMFireGrantWF\Application\Instructions.aspx.cs(24,15): error CS0234: The type or namespace name 'Web' does not exist in the namespace 'Telerik' (are you missing an assembly reference?) [I:\NMSFM REPOS\Fire Grant App - CVE Fixes\NMSFM_FGF_CVE\NMSFMFireGrantWF\NMSFMFireGrantWF\NMSFMFireGrantWF.csproj]
I:\NMSFM REPOS\Fire Grant App - CVE Fixes\NMSFM_FGF_CVE\NMSFMFireGrantWF\NMSFMFireGrantWF\Application\PPE.aspx.cs(24,15): error CS0234: The type or namespace name 'Web' does not exist in the namespace 'Telerik' (are you missing an assembly reference?) [I:\NMSFM REPOS\Fire Grant App - CVE Fixes\NMSFM_FGF_CVE\NMSFMFireGrantWF\NMSFMFireGrantWF\NMSFMFireGrantWF.csproj]
I:\NMSFM REPOS\Fire Grant App - CVE Fixes\NMSFM_FGF_CVE\NMSFMFireGrantWF\NMSFMFireGrantWF\Application\ProjectBudgetSheet.aspx.cs(24,15): error CS0234: The type or namespace name 'Web' does not exist in the namespace 'Telerik' (are you missing an assembly reference?) [I:\NMSFM REPOS\Fire Grant App - CVE Fixes\NMSFM_FGF_CVE\NMSFMFireGrantWF\NMSFMFireGrantWF\NMSFMFireGrantWF.csproj]
I:\NMSFM REPOS\Fire Grant App - CVE Fixes\NMSFM_FGF_CVE\NMSFMFireGrantWF\NMSFMFireGrantWF\Application\Reporting\ApplicationPrint.aspx.cs(24,15): error CS0234: The type or namespace name 'Web' does not exist in the namespace 'Telerik' (are you missing an assembly reference?) [I:\NMSFM REPOS\Fire Grant App - CVE Fixes\NMSFM_FGF_CVE\NMSFMFireGrantWF\NMSFMFireGrantWF\NMSFMFireGrantWF.csproj]
I:\NMSFM REPOS\Fire Grant App - CVE Fixes\NMSFM_FGF_CVE\NMSFMFireGrantWF\NMSFMFireGrantWF\Application\Reporting\ApplicationPrint.aspx.cs(25,33): error CS0234: The type or namespace name 'Flow' does not exist in the namespace 'Telerik.Windows.Documents' (are you missing an assembly reference?) [I:\NMSFM REPOS\Fire Grant App - CVE Fixes\NMSFM_FGF_CVE\NMSFMFireGrantWF\NMSFMFireGrantWF\NMSFMFireGrantWF.csproj]
I:\NMSFM REPOS\Fire Grant App - CVE Fixes\NMSFM_FGF_CVE\NMSFMFireGrantWF\NMSFMFireGrantWF\Application\Reporting\DenialLetter.aspx.cs(24,15): error CS0234: The type or namespace name 'Web' does not exist in the namespace 'Telerik' (are you missing an assembly reference?) [I:\NMSFM REPOS\Fire Grant App - CVE Fixes\NMSFM_FGF_CVE\NMSFMFireGrantWF\NMSFMFireGrantWF\NMSFMFireGrantWF.csproj]
I:\NMSFM REPOS\Fire Grant App - CVE Fixes\NMSFM_FGF_CVE\NMSFMFireGrantWF\NMSFMFireGrantWF\Application\Reporting\DenialLetter.aspx.cs(25,33): error CS0234: The type or namespace name 'Flow' does not exist in the namespace 'Telerik.Windows.Documents' (are you missing an assembly reference?) [I:\NMSFM REPOS\Fire Grant App - CVE Fixes\NMSFM_FGF_CVE\NMSFMFireGrantWF\NMSFMFireGrantWF\NMSFMFireGrantWF.csproj]
I:\NMSFM REPOS\Fire Grant App - CVE Fixes\NMSFM_FGF_CVE\NMSFMFireGrantWF\NMSFMFireGrantWF\Application\Reporting\GrantAwarded.aspx.cs(24,15): error CS0234: The type or namespace name 'Web' does not exist in the namespace 'Telerik' (are you missing an assembly reference?) [I:\NMSFM REPOS\Fire Grant App - CVE Fixes\NMSFM_FGF_CVE\NMSFMFireGrantWF\NMSFMFireGrantWF\NMSFMFireGrantWF.csproj]
I:\NMSFM REPOS\Fire Grant App - CVE Fixes\NMSFM_FGF_CVE\NMSFMFireGrantWF\NMSFMFireGrantWF\Application\Reporting\GrantAwarded.aspx.cs(25,33): error CS0234: The type or namespace name 'Flow' does not exist in the namespace 'Telerik.Windows.Documents' (are you missing an assembly reference?) [I:\NMSFM REPOS\Fire Grant App - CVE Fixes\NMSFM_FGF_CVE\NMSFMFireGrantWF\NMSFMFireGrantWF\NMSFMFireGrantWF.csproj]
I:\NMSFM REPOS\Fire Grant App - CVE Fixes\NMSFM_FGF_CVE\NMSFMFireGrantWF\NMSFMFireGrantWF\Application\Reporting\NotFunded.aspx.cs(24,15): error CS0234: The type or namespace name 'Web' does not exist in the namespace 'Telerik' (are you missing an assembly reference?) [I:\NMSFM REPOS\Fire Grant App - CVE Fixes\NMSFM_FGF_CVE\NMSFMFireGrantWF\NMSFMFireGrantWF\NMSFMFireGrantWF.csproj]
I:\NMSFM REPOS\Fire Grant App - CVE Fixes\NMSFM_FGF_CVE\NMSFMFireGrantWF\NMSFMFireGrantWF\Application\Reporting\NotFunded.aspx.cs(25,33): error CS0234: The type or namespace name 'Flow' does not exist in the namespace 'Telerik.Windows.Documents' (are you missing an assembly reference?) [I:\NMSFM REPOS\Fire Grant App - CVE Fixes\NMSFM_FGF_CVE\NMSFMFireGrantWF\NMSFMFireGrantWF\NMSFMFireGrantWF.csproj]
I:\NMSFM REPOS\Fire Grant App - CVE Fixes\NMSFM_FGF_CVE\NMSFMFireGrantWF\NMSFMFireGrantWF\Application\ResponseHistory.aspx.cs(24,15): error CS0234: The type or namespace name 'Web' does not exist in the namespace 'Telerik' (are you missing an assembly reference?) [I:\NMSFM REPOS\Fire Grant App - CVE Fixes\NMSFM_FGF_CVE\NMSFMFireGrantWF\NMSFMFireGrantWF\NMSFMFireGrantWF.csproj]
I:\NMSFM REPOS\Fire Grant App - CVE Fixes\NMSFM_FGF_CVE\NMSFMFireGrantWF\NMSFMFireGrantWF\Application\SignaturesDocs.aspx.cs(24,15): error CS0234: The type or namespace name 'Web' does not exist in the namespace 'Telerik' (are you missing an assembly reference?) [I:\NMSFM REPOS\Fire Grant App - CVE Fixes\NMSFM_FGF_CVE\NMSFMFireGrantWF\NMSFMFireGrantWF\NMSFMFireGrantWF.csproj]
I:\NMSFM REPOS\Fire Grant App - CVE Fixes\NMSFM_FGF_CVE\NMSFMFireGrantWF\NMSFMFireGrantWF\Application\SignaturesDocs.aspx.cs(27,33): error CS0234: The type or namespace name 'Common' does not exist in the namespace 'Telerik.Windows.Documents' (are you missing an assembly reference?) [I:\NMSFM REPOS\Fire Grant App - CVE Fixes\NMSFM_FGF_CVE\NMSFMFireGrantWF\NMSFMFireGrantWF\NMSFMFireGrantWF.csproj]
I:\NMSFM REPOS\Fire Grant App - CVE Fixes\NMSFM_FGF_CVE\NMSFMFireGrantWF\NMSFMFireGrantWF\Application\SignaturesDocs.aspx.cs(28,33): error CS0234: The type or namespace name 'Flow' does not exist in the namespace 'Telerik.Windows.Documents' (are you missing an assembly reference?) [I:\NMSFM REPOS\Fire Grant App - CVE Fixes\NMSFM_FGF_CVE\NMSFMFireGrantWF\NMSFMFireGrantWF\NMSFMFireGrantWF.csproj]
I:\NMSFM REPOS\Fire Grant App - CVE Fixes\NMSFM_FGF_CVE\NMSFMFireGrantWF\NMSFMFireGrantWF\Application\SignaturesDocs.aspx.cs(29,33): error CS0234: The type or namespace name 'Flow' does not exist in the namespace 'Telerik.Windows.Documents' (are you missing an assembly reference?) [I:\NMSFM REPOS\Fire Grant App - CVE Fixes\NMSFM_FGF_CVE\NMSFMFireGrantWF\NMSFMFireGrantWF\NMSFMFireGrantWF.csproj]
I:\NMSFM REPOS\Fire Grant App - CVE Fixes\NMSFM_FGF_CVE\NMSFMFireGrantWF\NMSFMFireGrantWF\Application\SignaturesDocs.aspx.cs(30,33): error CS0234: The type or namespace name 'Flow' does not exist in the namespace 'Telerik.Windows.Documents' (are you missing an assembly reference?) [I:\NMSFM REPOS\Fire Grant App - CVE Fixes\NMSFM_FGF_CVE\NMSFMFireGrantWF\NMSFMFireGrantWF\NMSFMFireGrantWF.csproj]
I:\NMSFM REPOS\Fire Grant App - CVE Fixes\NMSFM_FGF_CVE\NMSFMFireGrantWF\NMSFMFireGrantWF\Application\SignaturesDocs.aspx.cs(31,33): error CS0234: The type or namespace name 'Flow' does not exist in the namespace 'Telerik.Windows.Documents' (are you missing an assembly reference?) [I:\NMSFM REPOS\Fire Grant App - CVE Fixes\NMSFM_FGF_CVE\NMSFMFireGrantWF\NMSFMFireGrantWF\NMSFMFireGrantWF.csproj]
I:\NMSFM REPOS\Fire Grant App - CVE Fixes\NMSFM_FGF_CVE\NMSFMFireGrantWF\NMSFMFireGrantWF\Application\SignaturesDocs.aspx.cs(32,33): error CS0234: The type or namespace name 'Flow' does not exist in the namespace 'Telerik.Windows.Documents' (are you missing an assembly reference?) [I:\NMSFM REPOS\Fire Grant App - CVE Fixes\NMSFM_FGF_CVE\NMSFMFireGrantWF\NMSFMFireGrantWF\NMSFMFireGrantWF.csproj]
I:\NMSFM REPOS\Fire Grant App - CVE Fixes\NMSFM_FGF_CVE\NMSFMFireGrantWF\NMSFMFireGrantWF\Application\Training.aspx.cs(24,15): error CS0234: The type or namespace name 'Web' does not exist in the namespace 'Telerik' (are you missing an assembly reference?) [I:\NMSFM REPOS\Fire Grant App - CVE Fixes\NMSFM_FGF_CVE\NMSFMFireGrantWF\NMSFMFireGrantWF\NMSFMFireGrantWF.csproj]
I:\NMSFM REPOS\Fire Grant App - CVE Fixes\NMSFM_FGF_CVE\NMSFMFireGrantWF\NMSFMFireGrantWF\Application\Training.aspx.cs(27,33): error CS0234: The type or namespace name 'Common' does not exist in the namespace 'Telerik.Windows.Documents' (are you missing an assembly reference?) [I:\NMSFM REPOS\Fire Grant App - CVE Fixes\NMSFM_FGF_CVE\NMSFMFireGrantWF\NMSFMFireGrantWF\NMSFMFireGrantWF.csproj]
I:\NMSFM REPOS\Fire Grant App - CVE Fixes\NMSFM_FGF_CVE\NMSFMFireGrantWF\NMSFMFireGrantWF\Application\Training.aspx.cs(28,33): error CS0234: The type or namespace name 'Flow' does not exist in the namespace 'Telerik.Windows.Documents' (are you missing an assembly reference?) [I:\NMSFM REPOS\Fire Grant App - CVE Fixes\NMSFM_FGF_CVE\NMSFMFireGrantWF\NMSFMFireGrantWF\NMSFMFireGrantWF.csproj]
I:\NMSFM REPOS\Fire Grant App - CVE Fixes\NMSFM_FGF_CVE\NMSFMFireGrantWF\NMSFMFireGrantWF\Application\Training.aspx.cs(29,33): error CS0234: The type or namespace name 'Flow' does not exist in the namespace 'Telerik.Windows.Documents' (are you missing an assembly reference?) [I:\NMSFM REPOS\Fire Grant App - CVE Fixes\NMSFM_FGF_CVE\NMSFMFireGrantWF\NMSFMFireGrantWF\NMSFMFireGrantWF.csproj]
I:\NMSFM REPOS\Fire Grant App - CVE Fixes\NMSFM_FGF_CVE\NMSFMFireGrantWF\NMSFMFireGrantWF\Application\Training.aspx.cs(30,33): error CS0234: The type or namespace name 'Flow' does not exist in the namespace 'Telerik.Windows.Documents' (are you missing an assembly reference?) [I:\NMSFM REPOS\Fire Grant App - CVE Fixes\NMSFM_FGF_CVE\NMSFMFireGrantWF\NMSFMFireGrantWF\NMSFMFireGrantWF.csproj]
I:\NMSFM REPOS\Fire Grant App - CVE Fixes\NMSFM_FGF_CVE\NMSFMFireGrantWF\NMSFMFireGrantWF\Application\Training.aspx.cs(31,33): error CS0234: The type or namespace name 'Flow' does not exist in the namespace 'Telerik.Windows.Documents' (are you missing an assembly reference?) [I:\NMSFM REPOS\Fire Grant App - CVE Fixes\NMSFM_FGF_CVE\NMSFMFireGrantWF\NMSFMFireGrantWF\NMSFMFireGrantWF.csproj]
I:\NMSFM REPOS\Fire Grant App - CVE Fixes\NMSFM_FGF_CVE\NMSFMFireGrantWF\NMSFMFireGrantWF\Application\Training.aspx.cs(32,33): error CS0234: The type or namespace name 'Flow' does not exist in the namespace 'Telerik.Windows.Documents' (are you missing an assembly reference?) [I:\NMSFM REPOS\Fire Grant App - CVE Fixes\NMSFM_FGF_CVE\NMSFMFireGrantWF\NMSFMFireGrantWF\NMSFMFireGrantWF.csproj]
I:\NMSFM REPOS\Fire Grant App - CVE Fixes\NMSFM_FGF_CVE\NMSFMFireGrantWF\NMSFMFireGrantWF\Application\Training.aspx.cs(33,61): error CS0234: The type or namespace name 'OpenXml' does not exist in the namespace 'Telerik.Windows.Documents.Spreadsheet.FormatProviders' (are you missing an assembly reference?) [I:\NMSFM REPOS\Fire Grant App - CVE Fixes\NMSFM_FGF_CVE\NMSFMFireGrantWF\NMSFMFireGrantWF\NMSFMFireGrantWF.csproj]
I:\NMSFM REPOS\Fire Grant App - CVE Fixes\NMSFM_FGF_CVE\NMSFMFireGrantWF\NMSFMFireGrantWF\Application\Training.aspx.cs(34,33): error CS0234: The type or namespace name 'Fixed' does not exist in the namespace 'Telerik.Windows.Documents' (are you missing an assembly reference?) [I:\NMSFM REPOS\Fire Grant App - CVE Fixes\NMSFM_FGF_CVE\NMSFMFireGrantWF\NMSFMFireGrantWF\NMSFMFireGrantWF.csproj]
I:\NMSFM REPOS\Fire Grant App - CVE Fixes\NMSFM_FGF_CVE\NMSFMFireGrantWF\NMSFMFireGrantWF\Application\Training.aspx.cs(37,45): error CS0234: The type or namespace name 'Model' does not exist in the namespace 'Telerik.Windows.Documents.Spreadsheet' (are you missing an assembly reference?) [I:\NMSFM REPOS\Fire Grant App - CVE Fixes\NMSFM_FGF_CVE\NMSFMFireGrantWF\NMSFMFireGrantWF\NMSFMFireGrantWF.csproj]
I:\NMSFM REPOS\Fire Grant App - CVE Fixes\NMSFM_FGF_CVE\NMSFMFireGrantWF\NMSFMFireGrantWF\Application\WaterAvailability.aspx.cs(24,15): error CS0234: The type or namespace name 'Web' does not exist in the namespace 'Telerik' (are you missing an assembly reference?) [I:\NMSFM REPOS\Fire Grant App - CVE Fixes\NMSFM_FGF_CVE\NMSFMFireGrantWF\NMSFMFireGrantWF\NMSFMFireGrantWF.csproj]
I:\NMSFM REPOS\Fire Grant App - CVE Fixes\NMSFM_FGF_CVE\NMSFMFireGrantWF\NMSFMFireGrantWF\Default.aspx.cs(19,15): error CS0234: The type or namespace name 'Web' does not exist in the namespace 'Telerik' (are you missing an assembly reference?) [I:\NMSFM REPOS\Fire Grant App - CVE Fixes\NMSFM_FGF_CVE\NMSFMFireGrantWF\NMSFMFireGrantWF\NMSFMFireGrantWF.csproj]
I:\NMSFM REPOS\Fire Grant App - CVE Fixes\NMSFM_FGF_CVE\NMSFMFireGrantWF\NMSFMFireGrantWF\User\Home.aspx.cs(24,15): error CS0234: The type or namespace name 'Web' does not exist in the namespace 'Telerik' (are you missing an assembly reference?) [I:\NMSFM REPOS\Fire Grant App - CVE Fixes\NMSFM_FGF_CVE\NMSFMFireGrantWF\NMSFMFireGrantWF\NMSFMFireGrantWF.csproj]
I:\NMSFM REPOS\Fire Grant App - CVE Fixes\NMSFM_FGF_CVE\NMSFMFireGrantWF\NMSFMFireGrantWF\User\ViewLegacyApps.aspx.cs(22,15): error CS0234: The type or namespace name 'Web' does not exist in the namespace 'Telerik' (are you missing an assembly reference?) [I:\NMSFM REPOS\Fire Grant App - CVE Fixes\NMSFM_FGF_CVE\NMSFMFireGrantWF\NMSFMFireGrantWF\NMSFMFireGrantWF.csproj]
I:\NMSFM REPOS\Fire Grant App - CVE Fixes\NMSFM_FGF_CVE\NMSFMFireGrantWF\NMSFMFireGrantWF\Admin\Category.aspx.cs(175,75): error CS0234: The type or namespace name 'Web' does not exist in the namespace 'Telerik' (are you missing an assembly reference?) [I:\NMSFM REPOS\Fire Grant App - CVE Fixes\NMSFM_FGF_CVE\NMSFMFireGrantWF\NMSFMFireGrantWF\NMSFMFireGrantWF.csproj]
I:\NMSFM REPOS\Fire Grant App - CVE Fixes\NMSFM_FGF_CVE\NMSFMFireGrantWF\NMSFMFireGrantWF\Admin\Category.aspx.cs(181,77): error CS0234: The type or namespace name 'Web' does not exist in the namespace 'Telerik' (are you missing an assembly reference?) [I:\NMSFM REPOS\Fire Grant App - CVE Fixes\NMSFM_FGF_CVE\NMSFMFireGrantWF\NMSFMFireGrantWF\NMSFMFireGrantWF.csproj]
I:\NMSFM REPOS\Fire Grant App - CVE Fixes\NMSFM_FGF_CVE\NMSFMFireGrantWF\NMSFMFireGrantWF\Admin\Category.aspx.cs(188,74): error CS0234: The type or namespace name 'Web' does not exist in the namespace 'Telerik' (are you missing an assembly reference?) [I:\NMSFM REPOS\Fire Grant App - CVE Fixes\NMSFM_FGF_CVE\NMSFMFireGrantWF\NMSFMFireGrantWF\NMSFMFireGrantWF.csproj]
I:\NMSFM REPOS\Fire Grant App - CVE Fixes\NMSFM_FGF_CVE\NMSFMFireGrantWF\NMSFMFireGrantWF\Application\Apparatus.aspx.cs(291,67): error CS0234: The type or namespace name 'Web' does not exist in the namespace 'Telerik' (are you missing an assembly reference?) [I:\NMSFM REPOS\Fire Grant App - CVE Fixes\NMSFM_FGF_CVE\NMSFMFireGrantWF\NMSFMFireGrantWF\NMSFMFireGrantWF.csproj]
I:\NMSFM REPOS\Fire Grant App - CVE Fixes\NMSFM_FGF_CVE\NMSFMFireGrantWF\NMSFMFireGrantWF\Admin\Category.aspx.cs(209,72): error CS0234: The type or namespace name 'Web' does not exist in the namespace 'Telerik' (are you missing an assembly reference?) [I:\NMSFM REPOS\Fire Grant App - CVE Fixes\NMSFM_FGF_CVE\NMSFMFireGrantWF\NMSFMFireGrantWF\NMSFMFireGrantWF.csproj]
I:\NMSFM REPOS\Fire Grant App - CVE Fixes\NMSFM_FGF_CVE\NMSFMFireGrantWF\NMSFMFireGrantWF\Application\Apparatus.aspx.cs(508,74): error CS0234: The type or namespace name 'Web' does not exist in the namespace 'Telerik' (are you missing an assembly reference?) [I:\NMSFM REPOS\Fire Grant App - CVE Fixes\NMSFM_FGF_CVE\NMSFMFireGrantWF\NMSFMFireGrantWF\NMSFMFireGrantWF.csproj]
I:\NMSFM REPOS\Fire Grant App - CVE Fixes\NMSFM_FGF_CVE\NMSFMFireGrantWF\NMSFMFireGrantWF\Application\Apparatus.aspx.cs(514,76): error CS0234: The type or namespace name 'Web' does not exist in the namespace 'Telerik' (are you missing an assembly reference?) [I:\NMSFM REPOS\Fire Grant App - CVE Fixes\NMSFM_FGF_CVE\NMSFMFireGrantWF\NMSFMFireGrantWF\NMSFMFireGrantWF.csproj]
I:\NMSFM REPOS\Fire Grant App - CVE Fixes\NMSFM_FGF_CVE\NMSFMFireGrantWF\NMSFMFireGrantWF\Application\Apparatus.aspx.cs(521,73): error CS0234: The type or namespace name 'Web' does not exist in the namespace 'Telerik' (are you missing an assembly reference?) [I:\NMSFM REPOS\Fire Grant App - CVE Fixes\NMSFM_FGF_CVE\NMSFMFireGrantWF\NMSFMFireGrantWF\NMSFMFireGrantWF.csproj]
I:\NMSFM REPOS\Fire Grant App - CVE Fixes\NMSFM_FGF_CVE\NMSFMFireGrantWF\NMSFMFireGrantWF\Application\Apparatus.aspx.cs(545,71): error CS0234: The type or namespace name 'Web' does not exist in the namespace 'Telerik' (are you missing an assembly reference?) [I:\NMSFM REPOS\Fire Grant App - CVE Fixes\NMSFM_FGF_CVE\NMSFMFireGrantWF\NMSFMFireGrantWF\NMSFMFireGrantWF.csproj]
I:\NMSFM REPOS\Fire Grant App - CVE Fixes\NMSFM_FGF_CVE\NMSFMFireGrantWF\NMSFMFireGrantWF\Account\EditUser.aspx.cs(387,68): error CS0246: The type or namespace name 'GridNeedDataSourceEventArgs' could not be found (are you missing a using directive or an assembly reference?) [I:\NMSFM REPOS\Fire Grant App - CVE Fixes\NMSFM_FGF_CVE\NMSFMFireGrantWF\NMSFMFireGrantWF\NMSFMFireGrantWF.csproj]
I:\NMSFM REPOS\Fire Grant App - CVE Fixes\NMSFM_FGF_CVE\NMSFMFireGrantWF\NMSFMFireGrantWF\Admin\Home.aspx.cs(200,76): error CS0246: The type or namespace name 'GridPageChangedEventArgs' could not be found (are you missing a using directive or an assembly reference?) [I:\NMSFM REPOS\Fire Grant App - CVE Fixes\NMSFM_FGF_CVE\NMSFMFireGrantWF\NMSFMFireGrantWF\NMSFMFireGrantWF.csproj]
I:\NMSFM REPOS\Fire Grant App - CVE Fixes\NMSFM_FGF_CVE\NMSFMFireGrantWF\NMSFMFireGrantWF\Account\AddCodePalUser.aspx.cs(381,68): error CS0246: The type or namespace name 'GridNeedDataSourceEventArgs' could not be found (are you missing a using directive or an assembly reference?) [I:\NMSFM REPOS\Fire Grant App - CVE Fixes\NMSFM_FGF_CVE\NMSFMFireGrantWF\NMSFMFireGrantWF\NMSFMFireGrantWF.csproj]
I:\NMSFM REPOS\Fire Grant App - CVE Fixes\NMSFM_FGF_CVE\NMSFMFireGrantWF\NMSFMFireGrantWF\Admin\Home.aspx.cs(206,67): error CS0246: The type or namespace name 'GridItemEventArgs' could not be found (are you missing a using directive or an assembly reference?) [I:\NMSFM REPOS\Fire Grant App - CVE Fixes\NMSFM_FGF_CVE\NMSFMFireGrantWF\NMSFMFireGrantWF\NMSFMFireGrantWF.csproj]
I:\NMSFM REPOS\Fire Grant App - CVE Fixes\NMSFM_FGF_CVE\NMSFMFireGrantWF\NMSFMFireGrantWF\Account\EditUser.aspx.cs(393,70): error CS0246: The type or namespace name 'GridPageChangedEventArgs' could not be found (are you missing a using directive or an assembly reference?) [I:\NMSFM REPOS\Fire Grant App - CVE Fixes\NMSFM_FGF_CVE\NMSFMFireGrantWF\NMSFMFireGrantWF\NMSFMFireGrantWF.csproj]
I:\NMSFM REPOS\Fire Grant App - CVE Fixes\NMSFM_FGF_CVE\NMSFMFireGrantWF\NMSFMFireGrantWF\Account\AddCodePalUser.aspx.cs(387,70): error CS0246: The type or namespace name 'GridPageChangedEventArgs' could not be found (are you missing a using directive or an assembly reference?) [I:\NMSFM REPOS\Fire Grant App - CVE Fixes\NMSFM_FGF_CVE\NMSFMFireGrantWF\NMSFMFireGrantWF\NMSFMFireGrantWF.csproj]
I:\NMSFM REPOS\Fire Grant App - CVE Fixes\NMSFM_FGF_CVE\NMSFMFireGrantWF\NMSFMFireGrantWF\Account\EditUser.aspx.cs(400,67): error CS0246: The type or namespace name 'GridItemEventArgs' could not be found (are you missing a using directive or an assembly reference?) [I:\NMSFM REPOS\Fire Grant App - CVE Fixes\NMSFM_FGF_CVE\NMSFMFireGrantWF\NMSFMFireGrantWF\NMSFMFireGrantWF.csproj]
I:\NMSFM REPOS\Fire Grant App - CVE Fixes\NMSFM_FGF_CVE\NMSFMFireGrantWF\NMSFMFireGrantWF\Account\AddCodePalUser.aspx.cs(394,67): error CS0246: The type or namespace name 'GridItemEventArgs' could not be found (are you missing a using directive or an assembly reference?) [I:\NMSFM REPOS\Fire Grant App - CVE Fixes\NMSFM_FGF_CVE\NMSFMFireGrantWF\NMSFMFireGrantWF\NMSFMFireGrantWF.csproj]
I:\NMSFM REPOS\Fire Grant App - CVE Fixes\NMSFM_FGF_CVE\NMSFMFireGrantWF\NMSFMFireGrantWF\Admin\Home.aspx.cs(211,65): error CS0246: The type or namespace name 'GridCommandEventArgs' could not be found (are you missing a using directive or an assembly reference?) [I:\NMSFM REPOS\Fire Grant App - CVE Fixes\NMSFM_FGF_CVE\NMSFMFireGrantWF\NMSFMFireGrantWF\NMSFMFireGrantWF.csproj]
I:\NMSFM REPOS\Fire Grant App - CVE Fixes\NMSFM_FGF_CVE\NMSFMFireGrantWF\NMSFMFireGrantWF\Admin\AdminReport.aspx.cs(624,74): error CS0246: The type or namespace name 'GridNeedDataSourceEventArgs' could not be found (are you missing a using directive or an assembly reference?) [I:\NMSFM REPOS\Fire Grant App - CVE Fixes\NMSFM_FGF_CVE\NMSFMFireGrantWF\NMSFMFireGrantWF\NMSFMFireGrantWF.csproj]
I:\NMSFM REPOS\Fire Grant App - CVE Fixes\NMSFM_FGF_CVE\NMSFMFireGrantWF\NMSFMFireGrantWF\Account\AddCodePalUser.aspx.cs(483,65): error CS0246: The type or namespace name 'GridCommandEventArgs' could not be found (are you missing a using directive or an assembly reference?) [I:\NMSFM REPOS\Fire Grant App - CVE Fixes\NMSFM_FGF_CVE\NMSFMFireGrantWF\NMSFMFireGrantWF\NMSFMFireGrantWF.csproj]
I:\NMSFM REPOS\Fire Grant App - CVE Fixes\NMSFM_FGF_CVE\NMSFMFireGrantWF\NMSFMFireGrantWF\Admin\Home.aspx.cs(246,80): error CS0246: The type or namespace name 'DropDownListEventArgs' could not be found (are you missing a using directive or an assembly reference?) [I:\NMSFM REPOS\Fire Grant App - CVE Fixes\NMSFM_FGF_CVE\NMSFMFireGrantWF\NMSFMFireGrantWF\NMSFMFireGrantWF.csproj]
I:\NMSFM REPOS\Fire Grant App - CVE Fixes\NMSFM_FGF_CVE\NMSFMFireGrantWF\NMSFMFireGrantWF\Account\EditUser.aspx.cs(542,65): error CS0246: The type or namespace name 'GridCommandEventArgs' could not be found (are you missing a using directive or an assembly reference?) [I:\NMSFM REPOS\Fire Grant App - CVE Fixes\NMSFM_FGF_CVE\NMSFMFireGrantWF\NMSFMFireGrantWF\NMSFMFireGrantWF.csproj]
I:\NMSFM REPOS\Fire Grant App - CVE Fixes\NMSFM_FGF_CVE\NMSFMFireGrantWF\NMSFMFireGrantWF\Admin\AdminReport.aspx.cs(634,67): error CS0246: The type or namespace name 'GridItemEventArgs' could not be found (are you missing a using directive or an assembly reference?) [I:\NMSFM REPOS\Fire Grant App - CVE Fixes\NMSFM_FGF_CVE\NMSFMFireGrantWF\NMSFMFireGrantWF\NMSFMFireGrantWF.csproj]
I:\NMSFM REPOS\Fire Grant App - CVE Fixes\NMSFM_FGF_CVE\NMSFMFireGrantWF\NMSFMFireGrantWF\Admin\Home.aspx.cs(270,69): error CS0246: The type or namespace name 'GridPageSizeChangedEventArgs' could not be found (are you missing a using directive or an assembly reference?) [I:\NMSFM REPOS\Fire Grant App - CVE Fixes\NMSFM_FGF_CVE\NMSFMFireGrantWF\NMSFMFireGrantWF\NMSFMFireGrantWF.csproj]
I:\NMSFM REPOS\Fire Grant App - CVE Fixes\NMSFM_FGF_CVE\NMSFMFireGrantWF\NMSFMFireGrantWF\Admin\AdminReport.aspx.cs(639,80): error CS0246: The type or namespace name 'DropDownListEventArgs' could not be found (are you missing a using directive or an assembly reference?) [I:\NMSFM REPOS\Fire Grant App - CVE Fixes\NMSFM_FGF_CVE\NMSFMFireGrantWF\NMSFMFireGrantWF\NMSFMFireGrantWF.csproj]
I:\NMSFM REPOS\Fire Grant App - CVE Fixes\NMSFM_FGF_CVE\NMSFMFireGrantWF\NMSFMFireGrantWF\Admin\Home.aspx.cs(276,68): error CS0246: The type or namespace name 'GridNeedDataSourceEventArgs' could not be found (are you missing a using directive or an assembly reference?) [I:\NMSFM REPOS\Fire Grant App - CVE Fixes\NMSFM_FGF_CVE\NMSFMFireGrantWF\NMSFMFireGrantWF\NMSFMFireGrantWF.csproj]
I:\NMSFM REPOS\Fire Grant App - CVE Fixes\NMSFM_FGF_CVE\NMSFMFireGrantWF\NMSFMFireGrantWF\Admin\AdminReport.aspx.cs(771,65): error CS0246: The type or namespace name 'GridItemEventArgs' could not be found (are you missing a using directive or an assembly reference?) [I:\NMSFM REPOS\Fire Grant App - CVE Fixes\NMSFM_FGF_CVE\NMSFMFireGrantWF\NMSFMFireGrantWF\NMSFMFireGrantWF.csproj]
I:\NMSFM REPOS\Fire Grant App - CVE Fixes\NMSFM_FGF_CVE\NMSFMFireGrantWF\NMSFMFireGrantWF\Admin\AdminReport.aspx.cs(777,39): error CS0246: The type or namespace name 'GridItem' could not be found (are you missing a using directive or an assembly reference?) [I:\NMSFM REPOS\Fire Grant App - CVE Fixes\NMSFM_FGF_CVE\NMSFMFireGrantWF\NMSFMFireGrantWF\NMSFMFireGrantWF.csproj]
I:\NMSFM REPOS\Fire Grant App - CVE Fixes\NMSFM_FGF_CVE\NMSFMFireGrantWF\NMSFMFireGrantWF\Application\Apparatus.aspx.cs(38,9): error CS0246: The type or namespace name 'RadMenu' could not be found (are you missing a using directive or an assembly reference?) [I:\NMSFM REPOS\Fire Grant App - CVE Fixes\NMSFM_FGF_CVE\NMSFMFireGrantWF\NMSFMFireGrantWF\NMSFMFireGrantWF.csproj]
I:\NMSFM REPOS\Fire Grant App - CVE Fixes\NMSFM_FGF_CVE\NMSFMFireGrantWF\NMSFMFireGrantWF\Admin\AdminReport.aspx.designer.cs(42,35): error CS0234: The type or namespace name 'Web' does not exist in the namespace 'Telerik' (are you missing an assembly reference?) [I:\NMSFM REPOS\Fire Grant App - CVE Fixes\NMSFM_FGF_CVE\NMSFMFireGrantWF\NMSFMFireGrantWF\NMSFMFireGrantWF.csproj]
I:\NMSFM REPOS\Fire Grant App - CVE Fixes\NMSFM_FGF_CVE\NMSFMFireGrantWF\NMSFMFireGrantWF\Admin\Home.aspx.designer.cs(42,35): error CS0234: The type or namespace name 'Web' does not exist in the namespace 'Telerik' (are you missing an assembly reference?) [I:\NMSFM REPOS\Fire Grant App - CVE Fixes\NMSFM_FGF_CVE\NMSFMFireGrantWF\NMSFMFireGrantWF\NMSFMFireGrantWF.csproj]
I:\NMSFM REPOS\Fire Grant App - CVE Fixes\NMSFM_FGF_CVE\NMSFMFireGrantWF\NMSFMFireGrantWF\Admin\AdminReport.aspx.designer.cs(51,35): error CS0234: The type or namespace name 'Web' does not exist in the namespace 'Telerik' (are you missing an assembly reference?) [I:\NMSFM REPOS\Fire Grant App - CVE Fixes\NMSFM_FGF_CVE\NMSFMFireGrantWF\NMSFMFireGrantWF\NMSFMFireGrantWF.csproj]
I:\NMSFM REPOS\Fire Grant App - CVE Fixes\NMSFM_FGF_CVE\NMSFMFireGrantWF\NMSFMFireGrantWF\Admin\Home.aspx.designer.cs(51,35): error CS0234: The type or namespace name 'Web' does not exist in the namespace 'Telerik' (are you missing an assembly reference?) [I:\NMSFM REPOS\Fire Grant App - CVE Fixes\NMSFM_FGF_CVE\NMSFMFireGrantWF\NMSFMFireGrantWF\NMSFMFireGrantWF.csproj]
I:\NMSFM REPOS\Fire Grant App - CVE Fixes\NMSFM_FGF_CVE\NMSFMFireGrantWF\NMSFMFireGrantWF\Application\ApplicationMstr.Master.cs(501,65): error CS0234: The type or namespace name 'Web' does not exist in the namespace 'Telerik' (are you missing an assembly reference?) [I:\NMSFM REPOS\Fire Grant App - CVE Fixes\NMSFM_FGF_CVE\NMSFMFireGrantWF\NMSFMFireGrantWF\NMSFMFireGrantWF.csproj]
I:\NMSFM REPOS\Fire Grant App - CVE Fixes\NMSFM_FGF_CVE\NMSFMFireGrantWF\NMSFMFireGrantWF\Admin\AdminReport.aspx.designer.cs(69,35): error CS0234: The type or namespace name 'Web' does not exist in the namespace 'Telerik' (are you missing an assembly reference?) [I:\NMSFM REPOS\Fire Grant App - CVE Fixes\NMSFM_FGF_CVE\NMSFMFireGrantWF\NMSFMFireGrantWF\NMSFMFireGrantWF.csproj]
I:\NMSFM REPOS\Fire Grant App - CVE Fixes\NMSFM_FGF_CVE\NMSFMFireGrantWF\NMSFMFireGrantWF\Admin\Home.aspx.designer.cs(69,35): error CS0234: The type or namespace name 'Web' does not exist in the namespace 'Telerik' (are you missing an assembly reference?) [I:\NMSFM REPOS\Fire Grant App - CVE Fixes\NMSFM_FGF_CVE\NMSFMFireGrantWF\NMSFMFireGrantWF\NMSFMFireGrantWF.csproj]
I:\NMSFM REPOS\Fire Grant App - CVE Fixes\NMSFM_FGF_CVE\NMSFMFireGrantWF\NMSFMFireGrantWF\Admin\Category.aspx.designer.cs(87,35): error CS0234: The type or namespace name 'Web' does not exist in the namespace 'Telerik' (are you missing an assembly reference?) [I:\NMSFM REPOS\Fire Grant App - CVE Fixes\NMSFM_FGF_CVE\NMSFMFireGrantWF\NMSFMFireGrantWF\NMSFMFireGrantWF.csproj]
I:\NMSFM REPOS\Fire Grant App - CVE Fixes\NMSFM_FGF_CVE\NMSFMFireGrantWF\NMSFMFireGrantWF\Admin\Home.aspx.designer.cs(87,35): error CS0234: The type or namespace name 'Web' does not exist in the namespace 'Telerik' (are you missing an assembly reference?) [I:\NMSFM REPOS\Fire Grant App - CVE Fixes\NMSFM_FGF_CVE\NMSFMFireGrantWF\NMSFMFireGrantWF\NMSFMFireGrantWF.csproj]
I:\NMSFM REPOS\Fire Grant App - CVE Fixes\NMSFM_FGF_CVE\NMSFMFireGrantWF\NMSFMFireGrantWF\Admin\AdminReport.aspx.designer.cs(96,35): error CS0234: The type or namespace name 'Web' does not exist in the namespace 'Telerik' (are you missing an assembly reference?) [I:\NMSFM REPOS\Fire Grant App - CVE Fixes\NMSFM_FGF_CVE\NMSFMFireGrantWF\NMSFMFireGrantWF\NMSFMFireGrantWF.csproj]
I:\NMSFM REPOS\Fire Grant App - CVE Fixes\NMSFM_FGF_CVE\NMSFMFireGrantWF\NMSFMFireGrantWF\Account\AddCodePalUser.aspx.designer.cs(96,35): error CS0234: The type or namespace name 'Web' does not exist in the namespace 'Telerik' (are you missing an assembly reference?) [I:\NMSFM REPOS\Fire Grant App - CVE Fixes\NMSFM_FGF_CVE\NMSFMFireGrantWF\NMSFMFireGrantWF\NMSFMFireGrantWF.csproj]
I:\NMSFM REPOS\Fire Grant App - CVE Fixes\NMSFM_FGF_CVE\NMSFMFireGrantWF\NMSFMFireGrantWF\Admin\Home.aspx.designer.cs(105,35): error CS0234: The type or namespace name 'Web' does not exist in the namespace 'Telerik' (are you missing an assembly reference?) [I:\NMSFM REPOS\Fire Grant App - CVE Fixes\NMSFM_FGF_CVE\NMSFMFireGrantWF\NMSFMFireGrantWF\NMSFMFireGrantWF.csproj]
I:\NMSFM REPOS\Fire Grant App - CVE Fixes\NMSFM_FGF_CVE\NMSFMFireGrantWF\NMSFMFireGrantWF\Admin\Home.aspx.designer.cs(123,35): error CS0234: The type or namespace name 'Web' does not exist in the namespace 'Telerik' (are you missing an assembly reference?) [I:\NMSFM REPOS\Fire Grant App - CVE Fixes\NMSFM_FGF_CVE\NMSFMFireGrantWF\NMSFMFireGrantWF\NMSFMFireGrantWF.csproj]
I:\NMSFM REPOS\Fire Grant App - CVE Fixes\NMSFM_FGF_CVE\NMSFMFireGrantWF\NMSFMFireGrantWF\Account\AddCodePalUser.aspx.designer.cs(114,35): error CS0234: The type or namespace name 'Web' does not exist in the namespace 'Telerik' (are you missing an assembly reference?) [I:\NMSFM REPOS\Fire Grant App - CVE Fixes\NMSFM_FGF_CVE\NMSFMFireGrantWF\NMSFMFireGrantWF\NMSFMFireGrantWF.csproj]
I:\NMSFM REPOS\Fire Grant App - CVE Fixes\NMSFM_FGF_CVE\NMSFMFireGrantWF\NMSFMFireGrantWF\Admin\Home.aspx.designer.cs(150,35): error CS0234: The type or namespace name 'Web' does not exist in the namespace 'Telerik' (are you missing an assembly reference?) [I:\NMSFM REPOS\Fire Grant App - CVE Fixes\NMSFM_FGF_CVE\NMSFMFireGrantWF\NMSFMFireGrantWF\NMSFMFireGrantWF.csproj]
I:\NMSFM REPOS\Fire Grant App - CVE Fixes\NMSFM_FGF_CVE\NMSFMFireGrantWF\NMSFMFireGrantWF\Admin\AdminReport.aspx.designer.cs(150,35): error CS0234: The type or namespace name 'Web' does not exist in the namespace 'Telerik' (are you missing an assembly reference?) [I:\NMSFM REPOS\Fire Grant App - CVE Fixes\NMSFM_FGF_CVE\NMSFMFireGrantWF\NMSFMFireGrantWF\NMSFMFireGrantWF.csproj]
I:\NMSFM REPOS\Fire Grant App - CVE Fixes\NMSFM_FGF_CVE\NMSFMFireGrantWF\NMSFMFireGrantWF\Account\EditUser.aspx.designer.cs(159,35): error CS0234: The type or namespace name 'Web' does not exist in the namespace 'Telerik' (are you missing an assembly reference?) [I:\NMSFM REPOS\Fire Grant App - CVE Fixes\NMSFM_FGF_CVE\NMSFMFireGrantWF\NMSFMFireGrantWF\NMSFMFireGrantWF.csproj]
I:\NMSFM REPOS\Fire Grant App - CVE Fixes\NMSFM_FGF_CVE\NMSFMFireGrantWF\NMSFMFireGrantWF\Admin\AdminReport.aspx.designer.cs(159,35): error CS0234: The type or namespace name 'Web' does not exist in the namespace 'Telerik' (are you missing an assembly reference?) [I:\NMSFM REPOS\Fire Grant App - CVE Fixes\NMSFM_FGF_CVE\NMSFMFireGrantWF\NMSFMFireGrantWF\NMSFMFireGrantWF.csproj]
I:\NMSFM REPOS\Fire Grant App - CVE Fixes\NMSFM_FGF_CVE\NMSFMFireGrantWF\NMSFMFireGrantWF\Account\EditUser.aspx.designer.cs(177,35): error CS0234: The type or namespace name 'Web' does not exist in the namespace 'Telerik' (are you missing an assembly reference?) [I:\NMSFM REPOS\Fire Grant App - CVE Fixes\NMSFM_FGF_CVE\NMSFMFireGrantWF\NMSFMFireGrantWF\NMSFMFireGrantWF.csproj]
I:\NMSFM REPOS\Fire Grant App - CVE Fixes\NMSFM_FGF_CVE\NMSFMFireGrantWF\NMSFMFireGrantWF\Application\Apparatus.aspx.designer.cs(204,35): error CS0234: The type or namespace name 'Web' does not exist in the namespace 'Telerik' (are you missing an assembly reference?) [I:\NMSFM REPOS\Fire Grant App - CVE Fixes\NMSFM_FGF_CVE\NMSFMFireGrantWF\NMSFMFireGrantWF\NMSFMFireGrantWF.csproj]
I:\NMSFM REPOS\Fire Grant App - CVE Fixes\NMSFM_FGF_CVE\NMSFMFireGrantWF\NMSFMFireGrantWF\Application\Apparatus.aspx.designer.cs(303,35): error CS0234: The type or namespace name 'Web' does not exist in the namespace 'Telerik' (are you missing an assembly reference?) [I:\NMSFM REPOS\Fire Grant App - CVE Fixes\NMSFM_FGF_CVE\NMSFMFireGrantWF\NMSFMFireGrantWF\NMSFMFireGrantWF.csproj]
I:\NMSFM REPOS\Fire Grant App - CVE Fixes\NMSFM_FGF_CVE\NMSFMFireGrantWF\NMSFMFireGrantWF\Application\ApplicationMstr.Master.designer.cs(114,35): error CS0234: The type or namespace name 'Web' does not exist in the namespace 'Telerik' (are you missing an assembly reference?) [I:\NMSFM REPOS\Fire Grant App - CVE Fixes\NMSFM_FGF_CVE\NMSFMFireGrantWF\NMSFMFireGrantWF\NMSFMFireGrantWF.csproj]
I:\NMSFM REPOS\Fire Grant App - CVE Fixes\NMSFM_FGF_CVE\NMSFMFireGrantWF\NMSFMFireGrantWF\Application\ApplicationMstr.Master.designer.cs(132,35): error CS0234: The type or namespace name 'Web' does not exist in the namespace 'Telerik' (are you missing an assembly reference?) [I:\NMSFM REPOS\Fire Grant App - CVE Fixes\NMSFM_FGF_CVE\NMSFMFireGrantWF\NMSFMFireGrantWF\NMSFMFireGrantWF.csproj]
I:\NMSFM REPOS\Fire Grant App - CVE Fixes\NMSFM_FGF_CVE\NMSFMFireGrantWF\NMSFMFireGrantWF\Application\Apparatus.aspx.designer.cs(339,35): error CS0234: The type or namespace name 'Web' does not exist in the namespace 'Telerik' (are you missing an assembly reference?) [I:\NMSFM REPOS\Fire Grant App - CVE Fixes\NMSFM_FGF_CVE\NMSFMFireGrantWF\NMSFMFireGrantWF\NMSFMFireGrantWF.csproj]
I:\NMSFM REPOS\Fire Grant App - CVE Fixes\NMSFM_FGF_CVE\NMSFMFireGrantWF\NMSFMFireGrantWF\Application\Apparatus.aspx.designer.cs(357,35): error CS0234: The type or namespace name 'Web' does not exist in the namespace 'Telerik' (are you missing an assembly reference?) [I:\NMSFM REPOS\Fire Grant App - CVE Fixes\NMSFM_FGF_CVE\NMSFMFireGrantWF\NMSFMFireGrantWF\NMSFMFireGrantWF.csproj]
I:\NMSFM REPOS\Fire Grant App - CVE Fixes\NMSFM_FGF_CVE\NMSFMFireGrantWF\NMSFMFireGrantWF\Application\ApplicationReview.aspx.cs(334,67): error CS0234: The type or namespace name 'Web' does not exist in the namespace 'Telerik' (are you missing an assembly reference?) [I:\NMSFM REPOS\Fire Grant App - CVE Fixes\NMSFM_FGF_CVE\NMSFMFireGrantWF\NMSFMFireGrantWF\NMSFMFireGrantWF.csproj]
I:\NMSFM REPOS\Fire Grant App - CVE Fixes\NMSFM_FGF_CVE\NMSFMFireGrantWF\NMSFMFireGrantWF\User\ViewLegacyApps.aspx.cs(112,83): error CS0234: The type or namespace name 'Web' does not exist in the namespace 'Telerik' (are you missing an assembly reference?) [I:\NMSFM REPOS\Fire Grant App - CVE Fixes\NMSFM_FGF_CVE\NMSFMFireGrantWF\NMSFMFireGrantWF\NMSFMFireGrantWF.csproj]
I:\NMSFM REPOS\Fire Grant App - CVE Fixes\NMSFM_FGF_CVE\NMSFMFireGrantWF\NMSFMFireGrantWF\User\Home.aspx.cs(245,68): error CS0246: The type or namespace name 'GridNeedDataSourceEventArgs' could not be found (are you missing a using directive or an assembly reference?) [I:\NMSFM REPOS\Fire Grant App - CVE Fixes\NMSFM_FGF_CVE\NMSFMFireGrantWF\NMSFMFireGrantWF\NMSFMFireGrantWF.csproj]
I:\NMSFM REPOS\Fire Grant App - CVE Fixes\NMSFM_FGF_CVE\NMSFMFireGrantWF\NMSFMFireGrantWF\Application\ApplicationReview.aspx.cs(623,67): error CS0246: The type or namespace name 'GridNeedDataSourceEventArgs' could not be found (are you missing a using directive or an assembly reference?) [I:\NMSFM REPOS\Fire Grant App - CVE Fixes\NMSFM_FGF_CVE\NMSFMFireGrantWF\NMSFMFireGrantWF\NMSFMFireGrantWF.csproj]
I:\NMSFM REPOS\Fire Grant App - CVE Fixes\NMSFM_FGF_CVE\NMSFMFireGrantWF\NMSFMFireGrantWF\User\Home.aspx.cs(250,70): error CS0246: The type or namespace name 'GridPageChangedEventArgs' could not be found (are you missing a using directive or an assembly reference?) [I:\NMSFM REPOS\Fire Grant App - CVE Fixes\NMSFM_FGF_CVE\NMSFMFireGrantWF\NMSFMFireGrantWF\NMSFMFireGrantWF.csproj]
I:\NMSFM REPOS\Fire Grant App - CVE Fixes\NMSFM_FGF_CVE\NMSFMFireGrantWF\NMSFMFireGrantWF\Application\ApplicationReview.aspx.cs(629,69): error CS0246: The type or namespace name 'GridPageChangedEventArgs' could not be found (are you missing a using directive or an assembly reference?) [I:\NMSFM REPOS\Fire Grant App - CVE Fixes\NMSFM_FGF_CVE\NMSFMFireGrantWF\NMSFMFireGrantWF\NMSFMFireGrantWF.csproj]
I:\NMSFM REPOS\Fire Grant App - CVE Fixes\NMSFM_FGF_CVE\NMSFMFireGrantWF\NMSFMFireGrantWF\User\Home.aspx.cs(255,67): error CS0246: The type or namespace name 'GridItemEventArgs' could not be found (are you missing a using directive or an assembly reference?) [I:\NMSFM REPOS\Fire Grant App - CVE Fixes\NMSFM_FGF_CVE\NMSFMFireGrantWF\NMSFMFireGrantWF\NMSFMFireGrantWF.csproj]
I:\NMSFM REPOS\Fire Grant App - CVE Fixes\NMSFM_FGF_CVE\NMSFMFireGrantWF\NMSFMFireGrantWF\User\ViewLegacyApps.aspx.designer.cs(42,35): error CS0234: The type or namespace name 'Web' does not exist in the namespace 'Telerik' (are you missing an assembly reference?) [I:\NMSFM REPOS\Fire Grant App - CVE Fixes\NMSFM_FGF_CVE\NMSFMFireGrantWF\NMSFMFireGrantWF\NMSFMFireGrantWF.csproj]
I:\NMSFM REPOS\Fire Grant App - CVE Fixes\NMSFM_FGF_CVE\NMSFMFireGrantWF\NMSFMFireGrantWF\User\Home.aspx.cs(260,71): error CS0246: The type or namespace name 'GridCommandEventArgs' could not be found (are you missing a using directive or an assembly reference?) [I:\NMSFM REPOS\Fire Grant App - CVE Fixes\NMSFM_FGF_CVE\NMSFMFireGrantWF\NMSFMFireGrantWF\NMSFMFireGrantWF.csproj]
I:\NMSFM REPOS\Fire Grant App - CVE Fixes\NMSFM_FGF_CVE\NMSFMFireGrantWF\NMSFMFireGrantWF\User\Home.aspx.cs(325,80): error CS0246: The type or namespace name 'DropDownListEventArgs' could not be found (are you missing a using directive or an assembly reference?) [I:\NMSFM REPOS\Fire Grant App - CVE Fixes\NMSFM_FGF_CVE\NMSFMFireGrantWF\NMSFMFireGrantWF\NMSFMFireGrantWF.csproj]
I:\NMSFM REPOS\Fire Grant App - CVE Fixes\NMSFM_FGF_CVE\NMSFMFireGrantWF\NMSFMFireGrantWF\Application\ApplicationReview.aspx.cs(38,9): error CS0246: The type or namespace name 'RadMenu' could not be found (are you missing a using directive or an assembly reference?) [I:\NMSFM REPOS\Fire Grant App - CVE Fixes\NMSFM_FGF_CVE\NMSFMFireGrantWF\NMSFMFireGrantWF\NMSFMFireGrantWF.csproj]
I:\NMSFM REPOS\Fire Grant App - CVE Fixes\NMSFM_FGF_CVE\NMSFMFireGrantWF\NMSFMFireGrantWF\User\Home.aspx.designer.cs(60,35): error CS0234: The type or namespace name 'Web' does not exist in the namespace 'Telerik' (are you missing an assembly reference?) [I:\NMSFM REPOS\Fire Grant App - CVE Fixes\NMSFM_FGF_CVE\NMSFMFireGrantWF\NMSFMFireGrantWF\NMSFMFireGrantWF.csproj]
I:\NMSFM REPOS\Fire Grant App - CVE Fixes\NMSFM_FGF_CVE\NMSFMFireGrantWF\NMSFMFireGrantWF\User\Home.aspx.designer.cs(69,35): error CS0234: The type or namespace name 'Web' does not exist in the namespace 'Telerik' (are you missing an assembly reference?) [I:\NMSFM REPOS\Fire Grant App - CVE Fixes\NMSFM_FGF_CVE\NMSFMFireGrantWF\NMSFMFireGrantWF\NMSFMFireGrantWF.csproj]
I:\NMSFM REPOS\Fire Grant App - CVE Fixes\NMSFM_FGF_CVE\NMSFMFireGrantWF\NMSFMFireGrantWF\Application\ApplicationStatus.aspx.cs(350,67): error CS0234: The type or namespace name 'Web' does not exist in the namespace 'Telerik' (are you missing an assembly reference?) [I:\NMSFM REPOS\Fire Grant App - CVE Fixes\NMSFM_FGF_CVE\NMSFMFireGrantWF\NMSFMFireGrantWF\NMSFMFireGrantWF.csproj]
I:\NMSFM REPOS\Fire Grant App - CVE Fixes\NMSFM_FGF_CVE\NMSFMFireGrantWF\NMSFMFireGrantWF\Application\ApplicationReview.aspx.designer.cs(249,35): error CS0234: The type or namespace name 'Web' does not exist in the namespace 'Telerik' (are you missing an assembly reference?) [I:\NMSFM REPOS\Fire Grant App - CVE Fixes\NMSFM_FGF_CVE\NMSFMFireGrantWF\NMSFMFireGrantWF\NMSFMFireGrantWF.csproj]
I:\NMSFM REPOS\Fire Grant App - CVE Fixes\NMSFM_FGF_CVE\NMSFMFireGrantWF\NMSFMFireGrantWF\Application\ApplicationReview.aspx.designer.cs(276,35): error CS0234: The type or namespace name 'Web' does not exist in the namespace 'Telerik' (are you missing an assembly reference?) [I:\NMSFM REPOS\Fire Grant App - CVE Fixes\NMSFM_FGF_CVE\NMSFMFireGrantWF\NMSFMFireGrantWF\NMSFMFireGrantWF.csproj]
I:\NMSFM REPOS\Fire Grant App - CVE Fixes\NMSFM_FGF_CVE\NMSFMFireGrantWF\NMSFMFireGrantWF\Application\ApplicationStatus.aspx.cs(408,69): error CS0246: The type or namespace name 'GridNeedDataSourceEventArgs' could not be found (are you missing a using directive or an assembly reference?) [I:\NMSFM REPOS\Fire Grant App - CVE Fixes\NMSFM_FGF_CVE\NMSFMFireGrantWF\NMSFMFireGrantWF\NMSFMFireGrantWF.csproj]
I:\NMSFM REPOS\Fire Grant App - CVE Fixes\NMSFM_FGF_CVE\NMSFMFireGrantWF\NMSFMFireGrantWF\Application\ApplicationStatus.aspx.cs(413,71): error CS0246: The type or namespace name 'GridPageChangedEventArgs' could not be found (are you missing a using directive or an assembly reference?) [I:\NMSFM REPOS\Fire Grant App - CVE Fixes\NMSFM_FGF_CVE\NMSFMFireGrantWF\NMSFMFireGrantWF\NMSFMFireGrantWF.csproj]
I:\NMSFM REPOS\Fire Grant App - CVE Fixes\NMSFM_FGF_CVE\NMSFMFireGrantWF\NMSFMFireGrantWF\Application\ApplicationStatus.aspx.cs(418,68): error CS0246: The type or namespace name 'GridItemEventArgs' could not be found (are you missing a using directive or an assembly reference?) [I:\NMSFM REPOS\Fire Grant App - CVE Fixes\NMSFM_FGF_CVE\NMSFMFireGrantWF\NMSFMFireGrantWF\NMSFMFireGrantWF.csproj]
I:\NMSFM REPOS\Fire Grant App - CVE Fixes\NMSFM_FGF_CVE\NMSFMFireGrantWF\NMSFMFireGrantWF\Application\ApplicationStatus.aspx.cs(38,9): error CS0246: The type or namespace name 'RadMenu' could not be found (are you missing a using directive or an assembly reference?) [I:\NMSFM REPOS\Fire Grant App - CVE Fixes\NMSFM_FGF_CVE\NMSFMFireGrantWF\NMSFMFireGrantWF\NMSFMFireGrantWF.csproj]
I:\NMSFM REPOS\Fire Grant App - CVE Fixes\NMSFM_FGF_CVE\NMSFMFireGrantWF\NMSFMFireGrantWF\Application\ApplicationStatus.aspx.designer.cs(105,35): error CS0234: The type or namespace name 'Web' does not exist in the namespace 'Telerik' (are you missing an assembly reference?) [I:\NMSFM REPOS\Fire Grant App - CVE Fixes\NMSFM_FGF_CVE\NMSFMFireGrantWF\NMSFMFireGrantWF\NMSFMFireGrantWF.csproj]
I:\NMSFM REPOS\Fire Grant App - CVE Fixes\NMSFM_FGF_CVE\NMSFMFireGrantWF\NMSFMFireGrantWF\Application\ApplicationStatus.aspx.designer.cs(132,35): error CS0234: The type or namespace name 'Web' does not exist in the namespace 'Telerik' (are you missing an assembly reference?) [I:\NMSFM REPOS\Fire Grant App - CVE Fixes\NMSFM_FGF_CVE\NMSFMFireGrantWF\NMSFMFireGrantWF\NMSFMFireGrantWF.csproj]
I:\NMSFM REPOS\Fire Grant App - CVE Fixes\NMSFM_FGF_CVE\NMSFMFireGrantWF\NMSFMFireGrantWF\Application\ApplicationStatus.aspx.designer.cs(150,35): error CS0234: The type or namespace name 'Web' does not exist in the namespace 'Telerik' (are you missing an assembly reference?) [I:\NMSFM REPOS\Fire Grant App - CVE Fixes\NMSFM_FGF_CVE\NMSFMFireGrantWF\NMSFMFireGrantWF\NMSFMFireGrantWF.csproj]
I:\NMSFM REPOS\Fire Grant App - CVE Fixes\NMSFM_FGF_CVE\NMSFMFireGrantWF\NMSFMFireGrantWF\Application\ApplicationStatus.aspx.designer.cs(168,35): error CS0234: The type or namespace name 'Web' does not exist in the namespace 'Telerik' (are you missing an assembly reference?) [I:\NMSFM REPOS\Fire Grant App - CVE Fixes\NMSFM_FGF_CVE\NMSFMFireGrantWF\NMSFMFireGrantWF\NMSFMFireGrantWF.csproj]
I:\NMSFM REPOS\Fire Grant App - CVE Fixes\NMSFM_FGF_CVE\NMSFMFireGrantWF\NMSFMFireGrantWF\Application\ApplicationStatus.aspx.designer.cs(186,35): error CS0234: The type or namespace name 'Web' does not exist in the namespace 'Telerik' (are you missing an assembly reference?) [I:\NMSFM REPOS\Fire Grant App - CVE Fixes\NMSFM_FGF_CVE\NMSFMFireGrantWF\NMSFMFireGrantWF\NMSFMFireGrantWF.csproj]
I:\NMSFM REPOS\Fire Grant App - CVE Fixes\NMSFM_FGF_CVE\NMSFMFireGrantWF\NMSFMFireGrantWF\Application\ApplicationStatus.aspx.designer.cs(483,35): error CS0234: The type or namespace name 'Web' does not exist in the namespace 'Telerik' (are you missing an assembly reference?) [I:\NMSFM REPOS\Fire Grant App - CVE Fixes\NMSFM_FGF_CVE\NMSFMFireGrantWF\NMSFMFireGrantWF\NMSFMFireGrantWF.csproj]
I:\NMSFM REPOS\Fire Grant App - CVE Fixes\NMSFM_FGF_CVE\NMSFMFireGrantWF\NMSFMFireGrantWF\Admin\ManageCategories.aspx.cs(154,75): error CS0234: The type or namespace name 'Web' does not exist in the namespace 'Telerik' (are you missing an assembly reference?) [I:\NMSFM REPOS\Fire Grant App - CVE Fixes\NMSFM_FGF_CVE\NMSFMFireGrantWF\NMSFMFireGrantWF\NMSFMFireGrantWF.csproj]
I:\NMSFM REPOS\Fire Grant App - CVE Fixes\NMSFM_FGF_CVE\NMSFMFireGrantWF\NMSFMFireGrantWF\Admin\ManageCategories.aspx.cs(160,77): error CS0234: The type or namespace name 'Web' does not exist in the namespace 'Telerik' (are you missing an assembly reference?) [I:\NMSFM REPOS\Fire Grant App - CVE Fixes\NMSFM_FGF_CVE\NMSFMFireGrantWF\NMSFMFireGrantWF\NMSFMFireGrantWF.csproj]
I:\NMSFM REPOS\Fire Grant App - CVE Fixes\NMSFM_FGF_CVE\NMSFMFireGrantWF\NMSFMFireGrantWF\Admin\ManageCategories.aspx.cs(167,74): error CS0234: The type or namespace name 'Web' does not exist in the namespace 'Telerik' (are you missing an assembly reference?) [I:\NMSFM REPOS\Fire Grant App - CVE Fixes\NMSFM_FGF_CVE\NMSFMFireGrantWF\NMSFMFireGrantWF\NMSFMFireGrantWF.csproj]
I:\NMSFM REPOS\Fire Grant App - CVE Fixes\NMSFM_FGF_CVE\NMSFMFireGrantWF\NMSFMFireGrantWF\Admin\ManageCategories.aspx.cs(188,72): error CS0234: The type or namespace name 'Web' does not exist in the namespace 'Telerik' (are you missing an assembly reference?) [I:\NMSFM REPOS\Fire Grant App - CVE Fixes\NMSFM_FGF_CVE\NMSFMFireGrantWF\NMSFMFireGrantWF\NMSFMFireGrantWF.csproj]
I:\NMSFM REPOS\Fire Grant App - CVE Fixes\NMSFM_FGF_CVE\NMSFMFireGrantWF\NMSFMFireGrantWF\Account\ManageUsers.aspx.cs(211,78): error CS0234: The type or namespace name 'Web' does not exist in the namespace 'Telerik' (are you missing an assembly reference?) [I:\NMSFM REPOS\Fire Grant App - CVE Fixes\NMSFM_FGF_CVE\NMSFMFireGrantWF\NMSFMFireGrantWF\NMSFMFireGrantWF.csproj]
I:\NMSFM REPOS\Fire Grant App - CVE Fixes\NMSFM_FGF_CVE\NMSFMFireGrantWF\NMSFMFireGrantWF\Application\BudgetInfo.aspx.cs(204,67): error CS0234: The type or namespace name 'Web' does not exist in the namespace 'Telerik' (are you missing an assembly reference?) [I:\NMSFM REPOS\Fire Grant App - CVE Fixes\NMSFM_FGF_CVE\NMSFMFireGrantWF\NMSFMFireGrantWF\NMSFMFireGrantWF.csproj]
I:\NMSFM REPOS\Fire Grant App - CVE Fixes\NMSFM_FGF_CVE\NMSFMFireGrantWF\NMSFMFireGrantWF\Account\ManageUsers.aspx.cs(217,80): error CS0234: The type or namespace name 'Web' does not exist in the namespace 'Telerik' (are you missing an assembly reference?) [I:\NMSFM REPOS\Fire Grant App - CVE Fixes\NMSFM_FGF_CVE\NMSFMFireGrantWF\NMSFMFireGrantWF\NMSFMFireGrantWF.csproj]
I:\NMSFM REPOS\Fire Grant App - CVE Fixes\NMSFM_FGF_CVE\NMSFMFireGrantWF\NMSFMFireGrantWF\Admin\ManageCategories.aspx.designer.cs(33,35): error CS0234: The type or namespace name 'Web' does not exist in the namespace 'Telerik' (are you missing an assembly reference?) [I:\NMSFM REPOS\Fire Grant App - CVE Fixes\NMSFM_FGF_CVE\NMSFMFireGrantWF\NMSFMFireGrantWF\NMSFMFireGrantWF.csproj]
I:\NMSFM REPOS\Fire Grant App - CVE Fixes\NMSFM_FGF_CVE\NMSFMFireGrantWF\NMSFMFireGrantWF\Account\ManageUsers.aspx.cs(223,77): error CS0234: The type or namespace name 'Web' does not exist in the namespace 'Telerik' (are you missing an assembly reference?) [I:\NMSFM REPOS\Fire Grant App - CVE Fixes\NMSFM_FGF_CVE\NMSFMFireGrantWF\NMSFMFireGrantWF\NMSFMFireGrantWF.csproj]
I:\NMSFM REPOS\Fire Grant App - CVE Fixes\NMSFM_FGF_CVE\NMSFMFireGrantWF\NMSFMFireGrantWF\Application\CommunicationEquipment.aspx.cs(276,67): error CS0234: The type or namespace name 'Web' does not exist in the namespace 'Telerik' (are you missing an assembly reference?) [I:\NMSFM REPOS\Fire Grant App - CVE Fixes\NMSFM_FGF_CVE\NMSFMFireGrantWF\NMSFMFireGrantWF\NMSFMFireGrantWF.csproj]
I:\NMSFM REPOS\Fire Grant App - CVE Fixes\NMSFM_FGF_CVE\NMSFMFireGrantWF\NMSFMFireGrantWF\Application\CommunicationEquipment.aspx.cs(535,87): error CS0234: The type or namespace name 'Web' does not exist in the namespace 'Telerik' (are you missing an assembly reference?) [I:\NMSFM REPOS\Fire Grant App - CVE Fixes\NMSFM_FGF_CVE\NMSFMFireGrantWF\NMSFMFireGrantWF\NMSFMFireGrantWF.csproj]
I:\NMSFM REPOS\Fire Grant App - CVE Fixes\NMSFM_FGF_CVE\NMSFMFireGrantWF\NMSFMFireGrantWF\Application\CommunicationEquipment.aspx.cs(541,89): error CS0234: The type or namespace name 'Web' does not exist in the namespace 'Telerik' (are you missing an assembly reference?) [I:\NMSFM REPOS\Fire Grant App - CVE Fixes\NMSFM_FGF_CVE\NMSFMFireGrantWF\NMSFMFireGrantWF\NMSFMFireGrantWF.csproj]
I:\NMSFM REPOS\Fire Grant App - CVE Fixes\NMSFM_FGF_CVE\NMSFMFireGrantWF\NMSFMFireGrantWF\Account\ManageUsers.aspx.cs(254,67): error CS0246: The type or namespace name 'GridCommandEventArgs' could not be found (are you missing a using directive or an assembly reference?) [I:\NMSFM REPOS\Fire Grant App - CVE Fixes\NMSFM_FGF_CVE\NMSFMFireGrantWF\NMSFMFireGrantWF\NMSFMFireGrantWF.csproj]
I:\NMSFM REPOS\Fire Grant App - CVE Fixes\NMSFM_FGF_CVE\NMSFMFireGrantWF\NMSFMFireGrantWF\Application\BudgetInfo.aspx.cs(38,9): error CS0246: The type or namespace name 'RadMenu' could not be found (are you missing a using directive or an assembly reference?) [I:\NMSFM REPOS\Fire Grant App - CVE Fixes\NMSFM_FGF_CVE\NMSFMFireGrantWF\NMSFMFireGrantWF\NMSFMFireGrantWF.csproj]
I:\NMSFM REPOS\Fire Grant App - CVE Fixes\NMSFM_FGF_CVE\NMSFMFireGrantWF\NMSFMFireGrantWF\Application\CommunicationEquipment.aspx.cs(548,86): error CS0234: The type or namespace name 'Web' does not exist in the namespace 'Telerik' (are you missing an assembly reference?) [I:\NMSFM REPOS\Fire Grant App - CVE Fixes\NMSFM_FGF_CVE\NMSFMFireGrantWF\NMSFMFireGrantWF\NMSFMFireGrantWF.csproj]
I:\NMSFM REPOS\Fire Grant App - CVE Fixes\NMSFM_FGF_CVE\NMSFMFireGrantWF\NMSFMFireGrantWF\Application\CommunicationEquipment.aspx.cs(553,84): error CS0234: The type or namespace name 'Web' does not exist in the namespace 'Telerik' (are you missing an assembly reference?) [I:\NMSFM REPOS\Fire Grant App - CVE Fixes\NMSFM_FGF_CVE\NMSFMFireGrantWF\NMSFMFireGrantWF\NMSFMFireGrantWF.csproj]
I:\NMSFM REPOS\Fire Grant App - CVE Fixes\NMSFM_FGF_CVE\NMSFMFireGrantWF\NMSFMFireGrantWF\Application\BudgetInfo.aspx.designer.cs(42,35): error CS0234: The type or namespace name 'Web' does not exist in the namespace 'Telerik' (are you missing an assembly reference?) [I:\NMSFM REPOS\Fire Grant App - CVE Fixes\NMSFM_FGF_CVE\NMSFMFireGrantWF\NMSFMFireGrantWF\NMSFMFireGrantWF.csproj]
I:\NMSFM REPOS\Fire Grant App - CVE Fixes\NMSFM_FGF_CVE\NMSFMFireGrantWF\NMSFMFireGrantWF\Application\BudgetInfo.aspx.designer.cs(60,35): error CS0234: The type or namespace name 'Web' does not exist in the namespace 'Telerik' (are you missing an assembly reference?) [I:\NMSFM REPOS\Fire Grant App - CVE Fixes\NMSFM_FGF_CVE\NMSFMFireGrantWF\NMSFMFireGrantWF\NMSFMFireGrantWF.csproj]
I:\NMSFM REPOS\Fire Grant App - CVE Fixes\NMSFM_FGF_CVE\NMSFMFireGrantWF\NMSFMFireGrantWF\Application\BudgetInfo.aspx.designer.cs(78,35): error CS0234: The type or namespace name 'Web' does not exist in the namespace 'Telerik' (are you missing an assembly reference?) [I:\NMSFM REPOS\Fire Grant App - CVE Fixes\NMSFM_FGF_CVE\NMSFMFireGrantWF\NMSFMFireGrantWF\NMSFMFireGrantWF.csproj]
I:\NMSFM REPOS\Fire Grant App - CVE Fixes\NMSFM_FGF_CVE\NMSFMFireGrantWF\NMSFMFireGrantWF\Application\BudgetInfo.aspx.designer.cs(96,35): error CS0234: The type or namespace name 'Web' does not exist in the namespace 'Telerik' (are you missing an assembly reference?) [I:\NMSFM REPOS\Fire Grant App - CVE Fixes\NMSFM_FGF_CVE\NMSFMFireGrantWF\NMSFMFireGrantWF\NMSFMFireGrantWF.csproj]
I:\NMSFM REPOS\Fire Grant App - CVE Fixes\NMSFM_FGF_CVE\NMSFMFireGrantWF\NMSFMFireGrantWF\Application\BudgetInfo.aspx.designer.cs(132,35): error CS0234: The type or namespace name 'Web' does not exist in the namespace 'Telerik' (are you missing an assembly reference?) [I:\NMSFM REPOS\Fire Grant App - CVE Fixes\NMSFM_FGF_CVE\NMSFMFireGrantWF\NMSFMFireGrantWF\NMSFMFireGrantWF.csproj]
I:\NMSFM REPOS\Fire Grant App - CVE Fixes\NMSFM_FGF_CVE\NMSFMFireGrantWF\NMSFMFireGrantWF\Application\BudgetInfo.aspx.designer.cs(150,35): error CS0234: The type or namespace name 'Web' does not exist in the namespace 'Telerik' (are you missing an assembly reference?) [I:\NMSFM REPOS\Fire Grant App - CVE Fixes\NMSFM_FGF_CVE\NMSFMFireGrantWF\NMSFMFireGrantWF\NMSFMFireGrantWF.csproj]
I:\NMSFM REPOS\Fire Grant App - CVE Fixes\NMSFM_FGF_CVE\NMSFMFireGrantWF\NMSFMFireGrantWF\Application\BudgetInfo.aspx.designer.cs(168,35): error CS0234: The type or namespace name 'Web' does not exist in the namespace 'Telerik' (are you missing an assembly reference?) [I:\NMSFM REPOS\Fire Grant App - CVE Fixes\NMSFM_FGF_CVE\NMSFMFireGrantWF\NMSFMFireGrantWF\NMSFMFireGrantWF.csproj]
I:\NMSFM REPOS\Fire Grant App - CVE Fixes\NMSFM_FGF_CVE\NMSFMFireGrantWF\NMSFMFireGrantWF\Application\BudgetInfo.aspx.designer.cs(186,35): error CS0234: The type or namespace name 'Web' does not exist in the namespace 'Telerik' (are you missing an assembly reference?) [I:\NMSFM REPOS\Fire Grant App - CVE Fixes\NMSFM_FGF_CVE\NMSFMFireGrantWF\NMSFMFireGrantWF\NMSFMFireGrantWF.csproj]
I:\NMSFM REPOS\Fire Grant App - CVE Fixes\NMSFM_FGF_CVE\NMSFMFireGrantWF\NMSFMFireGrantWF\Account\ManageUsers.aspx.designer.cs(42,35): error CS0234: The type or namespace name 'Web' does not exist in the namespace 'Telerik' (are you missing an assembly reference?) [I:\NMSFM REPOS\Fire Grant App - CVE Fixes\NMSFM_FGF_CVE\NMSFMFireGrantWF\NMSFMFireGrantWF\NMSFMFireGrantWF.csproj]
I:\NMSFM REPOS\Fire Grant App - CVE Fixes\NMSFM_FGF_CVE\NMSFMFireGrantWF\NMSFMFireGrantWF\Application\BudgetInfo.aspx.designer.cs(204,35): error CS0234: The type or namespace name 'Web' does not exist in the namespace 'Telerik' (are you missing an assembly reference?) [I:\NMSFM REPOS\Fire Grant App - CVE Fixes\NMSFM_FGF_CVE\NMSFMFireGrantWF\NMSFMFireGrantWF\NMSFMFireGrantWF.csproj]
I:\NMSFM REPOS\Fire Grant App - CVE Fixes\NMSFM_FGF_CVE\NMSFMFireGrantWF\NMSFMFireGrantWF\Application\CommunicationEquipment.aspx.cs(38,9): error CS0246: The type or namespace name 'RadMenu' could not be found (are you missing a using directive or an assembly reference?) [I:\NMSFM REPOS\Fire Grant App - CVE Fixes\NMSFM_FGF_CVE\NMSFMFireGrantWF\NMSFMFireGrantWF\NMSFMFireGrantWF.csproj]
I:\NMSFM REPOS\Fire Grant App - CVE Fixes\NMSFM_FGF_CVE\NMSFMFireGrantWF\NMSFMFireGrantWF\Account\ManageUsers.aspx.designer.cs(51,35): error CS0234: The type or namespace name 'Web' does not exist in the namespace 'Telerik' (are you missing an assembly reference?) [I:\NMSFM REPOS\Fire Grant App - CVE Fixes\NMSFM_FGF_CVE\NMSFMFireGrantWF\NMSFMFireGrantWF\NMSFMFireGrantWF.csproj]
I:\NMSFM REPOS\Fire Grant App - CVE Fixes\NMSFM_FGF_CVE\NMSFMFireGrantWF\NMSFMFireGrantWF\Application\BudgetInfo.aspx.designer.cs(222,35): error CS0234: The type or namespace name 'Web' does not exist in the namespace 'Telerik' (are you missing an assembly reference?) [I:\NMSFM REPOS\Fire Grant App - CVE Fixes\NMSFM_FGF_CVE\NMSFMFireGrantWF\NMSFMFireGrantWF\NMSFMFireGrantWF.csproj]
I:\NMSFM REPOS\Fire Grant App - CVE Fixes\NMSFM_FGF_CVE\NMSFMFireGrantWF\NMSFMFireGrantWF\Account\ManageUsers.aspx.designer.cs(69,35): error CS0234: The type or namespace name 'Web' does not exist in the namespace 'Telerik' (are you missing an assembly reference?) [I:\NMSFM REPOS\Fire Grant App - CVE Fixes\NMSFM_FGF_CVE\NMSFMFireGrantWF\NMSFMFireGrantWF\NMSFMFireGrantWF.csproj]
I:\NMSFM REPOS\Fire Grant App - CVE Fixes\NMSFM_FGF_CVE\NMSFMFireGrantWF\NMSFMFireGrantWF\Application\BudgetInfo.aspx.designer.cs(240,35): error CS0234: The type or namespace name 'Web' does not exist in the namespace 'Telerik' (are you missing an assembly reference?) [I:\NMSFM REPOS\Fire Grant App - CVE Fixes\NMSFM_FGF_CVE\NMSFMFireGrantWF\NMSFMFireGrantWF\NMSFMFireGrantWF.csproj]
I:\NMSFM REPOS\Fire Grant App - CVE Fixes\NMSFM_FGF_CVE\NMSFMFireGrantWF\NMSFMFireGrantWF\Account\ManageUsers.aspx.designer.cs(87,35): error CS0234: The type or namespace name 'Web' does not exist in the namespace 'Telerik' (are you missing an assembly reference?) [I:\NMSFM REPOS\Fire Grant App - CVE Fixes\NMSFM_FGF_CVE\NMSFMFireGrantWF\NMSFMFireGrantWF\NMSFMFireGrantWF.csproj]
I:\NMSFM REPOS\Fire Grant App - CVE Fixes\NMSFM_FGF_CVE\NMSFMFireGrantWF\NMSFMFireGrantWF\Application\BudgetInfo.aspx.designer.cs(276,35): error CS0234: The type or namespace name 'Web' does not exist in the namespace 'Telerik' (are you missing an assembly reference?) [I:\NMSFM REPOS\Fire Grant App - CVE Fixes\NMSFM_FGF_CVE\NMSFMFireGrantWF\NMSFMFireGrantWF\NMSFMFireGrantWF.csproj]
I:\NMSFM REPOS\Fire Grant App - CVE Fixes\NMSFM_FGF_CVE\NMSFMFireGrantWF\NMSFMFireGrantWF\Application\CommunicationEquipment.aspx.designer.cs(78,35): error CS0234: The type or namespace name 'Web' does not exist in the namespace 'Telerik' (are you missing an assembly reference?) [I:\NMSFM REPOS\Fire Grant App - CVE Fixes\NMSFM_FGF_CVE\NMSFMFireGrantWF\NMSFMFireGrantWF\NMSFMFireGrantWF.csproj]
I:\NMSFM REPOS\Fire Grant App - CVE Fixes\NMSFM_FGF_CVE\NMSFMFireGrantWF\NMSFMFireGrantWF\Application\CommunicationEquipment.aspx.designer.cs(96,35): error CS0234: The type or namespace name 'Web' does not exist in the namespace 'Telerik' (are you missing an assembly reference?) [I:\NMSFM REPOS\Fire Grant App - CVE Fixes\NMSFM_FGF_CVE\NMSFMFireGrantWF\NMSFMFireGrantWF\NMSFMFireGrantWF.csproj]
I:\NMSFM REPOS\Fire Grant App - CVE Fixes\NMSFM_FGF_CVE\NMSFMFireGrantWF\NMSFMFireGrantWF\Application\CommunicationEquipment.aspx.designer.cs(114,35): error CS0234: The type or namespace name 'Web' does not exist in the namespace 'Telerik' (are you missing an assembly reference?) [I:\NMSFM REPOS\Fire Grant App - CVE Fixes\NMSFM_FGF_CVE\NMSFMFireGrantWF\NMSFMFireGrantWF\NMSFMFireGrantWF.csproj]
I:\NMSFM REPOS\Fire Grant App - CVE Fixes\NMSFM_FGF_CVE\NMSFMFireGrantWF\NMSFMFireGrantWF\Application\CommunicationEquipment.aspx.designer.cs(168,35): error CS0234: The type or namespace name 'Web' does not exist in the namespace 'Telerik' (are you missing an assembly reference?) [I:\NMSFM REPOS\Fire Grant App - CVE Fixes\NMSFM_FGF_CVE\NMSFMFireGrantWF\NMSFMFireGrantWF\NMSFMFireGrantWF.csproj]
I:\NMSFM REPOS\Fire Grant App - CVE Fixes\NMSFM_FGF_CVE\NMSFMFireGrantWF\NMSFMFireGrantWF\Admin\ManageLegacyApps.aspx.cs(119,83): error CS0234: The type or namespace name 'Web' does not exist in the namespace 'Telerik' (are you missing an assembly reference?) [I:\NMSFM REPOS\Fire Grant App - CVE Fixes\NMSFM_FGF_CVE\NMSFMFireGrantWF\NMSFMFireGrantWF\NMSFMFireGrantWF.csproj]
I:\NMSFM REPOS\Fire Grant App - CVE Fixes\NMSFM_FGF_CVE\NMSFMFireGrantWF\NMSFMFireGrantWF\Admin\ManageHelpText.aspx.cs(156,61): error CS0246: The type or namespace name 'GridNeedDataSourceEventArgs' could not be found (are you missing a using directive or an assembly reference?) [I:\NMSFM REPOS\Fire Grant App - CVE Fixes\NMSFM_FGF_CVE\NMSFMFireGrantWF\NMSFMFireGrantWF\NMSFMFireGrantWF.csproj]
I:\NMSFM REPOS\Fire Grant App - CVE Fixes\NMSFM_FGF_CVE\NMSFMFireGrantWF\NMSFMFireGrantWF\Account\Register.aspx.cs(198,76): error CS0234: The type or namespace name 'Web' does not exist in the namespace 'Telerik' (are you missing an assembly reference?) [I:\NMSFM REPOS\Fire Grant App - CVE Fixes\NMSFM_FGF_CVE\NMSFMFireGrantWF\NMSFMFireGrantWF\NMSFMFireGrantWF.csproj]
I:\NMSFM REPOS\Fire Grant App - CVE Fixes\NMSFM_FGF_CVE\NMSFMFireGrantWF\NMSFMFireGrantWF\Application\CommunityInfo.aspx.cs(249,67): error CS0234: The type or namespace name 'Web' does not exist in the namespace 'Telerik' (are you missing an assembly reference?) [I:\NMSFM REPOS\Fire Grant App - CVE Fixes\NMSFM_FGF_CVE\NMSFMFireGrantWF\NMSFMFireGrantWF\NMSFMFireGrantWF.csproj]
I:\NMSFM REPOS\Fire Grant App - CVE Fixes\NMSFM_FGF_CVE\NMSFMFireGrantWF\NMSFMFireGrantWF\Account\Register.aspx.cs(205,78): error CS0234: The type or namespace name 'Web' does not exist in the namespace 'Telerik' (are you missing an assembly reference?) [I:\NMSFM REPOS\Fire Grant App - CVE Fixes\NMSFM_FGF_CVE\NMSFMFireGrantWF\NMSFMFireGrantWF\NMSFMFireGrantWF.csproj]
I:\NMSFM REPOS\Fire Grant App - CVE Fixes\NMSFM_FGF_CVE\NMSFMFireGrantWF\NMSFMFireGrantWF\Application\FundingJustification.aspx.cs(296,67): error CS0234: The type or namespace name 'Web' does not exist in the namespace 'Telerik' (are you missing an assembly reference?) [I:\NMSFM REPOS\Fire Grant App - CVE Fixes\NMSFM_FGF_CVE\NMSFMFireGrantWF\NMSFMFireGrantWF\NMSFMFireGrantWF.csproj]
I:\NMSFM REPOS\Fire Grant App - CVE Fixes\NMSFM_FGF_CVE\NMSFMFireGrantWF\NMSFMFireGrantWF\Admin\ManageHelpText.aspx.cs(162,63): error CS0246: The type or namespace name 'GridPageChangedEventArgs' could not be found (are you missing a using directive or an assembly reference?) [I:\NMSFM REPOS\Fire Grant App - CVE Fixes\NMSFM_FGF_CVE\NMSFMFireGrantWF\NMSFMFireGrantWF\NMSFMFireGrantWF.csproj]
I:\NMSFM REPOS\Fire Grant App - CVE Fixes\NMSFM_FGF_CVE\NMSFMFireGrantWF\NMSFMFireGrantWF\Application\HazardsThreats.aspx.cs(247,67): error CS0234: The type or namespace name 'Web' does not exist in the namespace 'Telerik' (are you missing an assembly reference?) [I:\NMSFM REPOS\Fire Grant App - CVE Fixes\NMSFM_FGF_CVE\NMSFMFireGrantWF\NMSFMFireGrantWF\NMSFMFireGrantWF.csproj]
I:\NMSFM REPOS\Fire Grant App - CVE Fixes\NMSFM_FGF_CVE\NMSFMFireGrantWF\NMSFMFireGrantWF\Admin\SearchHelp.aspx.cs(165,61): error CS0246: The type or namespace name 'GridNeedDataSourceEventArgs' could not be found (are you missing a using directive or an assembly reference?) [I:\NMSFM REPOS\Fire Grant App - CVE Fixes\NMSFM_FGF_CVE\NMSFMFireGrantWF\NMSFMFireGrantWF\NMSFMFireGrantWF.csproj]
I:\NMSFM REPOS\Fire Grant App - CVE Fixes\NMSFM_FGF_CVE\NMSFMFireGrantWF\NMSFMFireGrantWF\Application\EquipmentNeeds.aspx.cs(239,67): error CS0234: The type or namespace name 'Web' does not exist in the namespace 'Telerik' (are you missing an assembly reference?) [I:\NMSFM REPOS\Fire Grant App - CVE Fixes\NMSFM_FGF_CVE\NMSFMFireGrantWF\NMSFMFireGrantWF\NMSFMFireGrantWF.csproj]
I:\NMSFM REPOS\Fire Grant App - CVE Fixes\NMSFM_FGF_CVE\NMSFMFireGrantWF\NMSFMFireGrantWF\Account\Register.aspx.cs(217,69): error CS0246: The type or namespace name 'GridPageSizeChangedEventArgs' could not be found (are you missing a using directive or an assembly reference?) [I:\NMSFM REPOS\Fire Grant App - CVE Fixes\NMSFM_FGF_CVE\NMSFMFireGrantWF\NMSFMFireGrantWF\NMSFMFireGrantWF.csproj]
I:\NMSFM REPOS\Fire Grant App - CVE Fixes\NMSFM_FGF_CVE\NMSFMFireGrantWF\NMSFMFireGrantWF\Admin\ManageHelpText.aspx.cs(169,60): error CS0246: The type or namespace name 'GridItemEventArgs' could not be found (are you missing a using directive or an assembly reference?) [I:\NMSFM REPOS\Fire Grant App - CVE Fixes\NMSFM_FGF_CVE\NMSFMFireGrantWF\NMSFMFireGrantWF\NMSFMFireGrantWF.csproj]
I:\NMSFM REPOS\Fire Grant App - CVE Fixes\NMSFM_FGF_CVE\NMSFMFireGrantWF\NMSFMFireGrantWF\Admin\SearchHelp.aspx.cs(171,63): error CS0246: The type or namespace name 'GridPageChangedEventArgs' could not be found (are you missing a using directive or an assembly reference?) [I:\NMSFM REPOS\Fire Grant App - CVE Fixes\NMSFM_FGF_CVE\NMSFMFireGrantWF\NMSFMFireGrantWF\NMSFMFireGrantWF.csproj]
I:\NMSFM REPOS\Fire Grant App - CVE Fixes\NMSFM_FGF_CVE\NMSFMFireGrantWF\NMSFMFireGrantWF\Application\CommunityInfo.aspx.cs(448,69): error CS0246: The type or namespace name 'GridNeedDataSourceEventArgs' could not be found (are you missing a using directive or an assembly reference?) [I:\NMSFM REPOS\Fire Grant App - CVE Fixes\NMSFM_FGF_CVE\NMSFMFireGrantWF\NMSFMFireGrantWF\NMSFMFireGrantWF.csproj]
I:\NMSFM REPOS\Fire Grant App - CVE Fixes\NMSFM_FGF_CVE\NMSFMFireGrantWF\NMSFMFireGrantWF\Account\Register.aspx.cs(229,75): error CS0234: The type or namespace name 'Web' does not exist in the namespace 'Telerik' (are you missing an assembly reference?) [I:\NMSFM REPOS\Fire Grant App - CVE Fixes\NMSFM_FGF_CVE\NMSFMFireGrantWF\NMSFMFireGrantWF\NMSFMFireGrantWF.csproj]
I:\NMSFM REPOS\Fire Grant App - CVE Fixes\NMSFM_FGF_CVE\NMSFMFireGrantWF\NMSFMFireGrantWF\Admin\ViewLegacyApps.aspx.cs(115,83): error CS0234: The type or namespace name 'Web' does not exist in the namespace 'Telerik' (are you missing an assembly reference?) [I:\NMSFM REPOS\Fire Grant App - CVE Fixes\NMSFM_FGF_CVE\NMSFMFireGrantWF\NMSFMFireGrantWF\NMSFMFireGrantWF.csproj]
I:\NMSFM REPOS\Fire Grant App - CVE Fixes\NMSFM_FGF_CVE\NMSFMFireGrantWF\NMSFMFireGrantWF\Admin\ManageFDIDs.aspx.cs(209,59): error CS0246: The type or namespace name 'GridSortCommandEventArgs' could not be found (are you missing a using directive or an assembly reference?) [I:\NMSFM REPOS\Fire Grant App - CVE Fixes\NMSFM_FGF_CVE\NMSFMFireGrantWF\NMSFMFireGrantWF\NMSFMFireGrantWF.csproj]
I:\NMSFM REPOS\Fire Grant App - CVE Fixes\NMSFM_FGF_CVE\NMSFMFireGrantWF\NMSFMFireGrantWF\Admin\ManageLegacyApps.aspx.designer.cs(42,35): error CS0234: The type or namespace name 'Web' does not exist in the namespace 'Telerik' (are you missing an assembly reference?) [I:\NMSFM REPOS\Fire Grant App - CVE Fixes\NMSFM_FGF_CVE\NMSFMFireGrantWF\NMSFMFireGrantWF\NMSFMFireGrantWF.csproj]
I:\NMSFM REPOS\Fire Grant App - CVE Fixes\NMSFM_FGF_CVE\NMSFMFireGrantWF\NMSFMFireGrantWF\Admin\SearchHelp.aspx.cs(178,60): error CS0246: The type or namespace name 'GridItemEventArgs' could not be found (are you missing a using directive or an assembly reference?) [I:\NMSFM REPOS\Fire Grant App - CVE Fixes\NMSFM_FGF_CVE\NMSFMFireGrantWF\NMSFMFireGrantWF\NMSFMFireGrantWF.csproj]
I:\NMSFM REPOS\Fire Grant App - CVE Fixes\NMSFM_FGF_CVE\NMSFMFireGrantWF\NMSFMFireGrantWF\Admin\ManageFDIDs.aspx.cs(214,70): error CS0234: The type or namespace name 'Web' does not exist in the namespace 'Telerik' (are you missing an assembly reference?) [I:\NMSFM REPOS\Fire Grant App - CVE Fixes\NMSFM_FGF_CVE\NMSFMFireGrantWF\NMSFMFireGrantWF\NMSFMFireGrantWF.csproj]
I:\NMSFM REPOS\Fire Grant App - CVE Fixes\NMSFM_FGF_CVE\NMSFMFireGrantWF\NMSFMFireGrantWF\Application\HazardsThreats.aspx.cs(522,72): error CS0234: The type or namespace name 'Web' does not exist in the namespace 'Telerik' (are you missing an assembly reference?) [I:\NMSFM REPOS\Fire Grant App - CVE Fixes\NMSFM_FGF_CVE\NMSFMFireGrantWF\NMSFMFireGrantWF\NMSFMFireGrantWF.csproj]
I:\NMSFM REPOS\Fire Grant App - CVE Fixes\NMSFM_FGF_CVE\NMSFMFireGrantWF\NMSFMFireGrantWF\Admin\ManageFDIDs.aspx.cs(219,72): error CS0234: The type or namespace name 'Web' does not exist in the namespace 'Telerik' (are you missing an assembly reference?) [I:\NMSFM REPOS\Fire Grant App - CVE Fixes\NMSFM_FGF_CVE\NMSFMFireGrantWF\NMSFMFireGrantWF\NMSFMFireGrantWF.csproj]
I:\NMSFM REPOS\Fire Grant App - CVE Fixes\NMSFM_FGF_CVE\NMSFMFireGrantWF\NMSFMFireGrantWF\Application\EquipmentNeeds.aspx.cs(475,74): error CS0234: The type or namespace name 'Web' does not exist in the namespace 'Telerik' (are you missing an assembly reference?) [I:\NMSFM REPOS\Fire Grant App - CVE Fixes\NMSFM_FGF_CVE\NMSFMFireGrantWF\NMSFMFireGrantWF\NMSFMFireGrantWF.csproj]
I:\NMSFM REPOS\Fire Grant App - CVE Fixes\NMSFM_FGF_CVE\NMSFMFireGrantWF\NMSFMFireGrantWF\Application\GeneralInformation.aspx.cs(443,67): error CS0234: The type or namespace name 'Web' does not exist in the namespace 'Telerik' (are you missing an assembly reference?) [I:\NMSFM REPOS\Fire Grant App - CVE Fixes\NMSFM_FGF_CVE\NMSFMFireGrantWF\NMSFMFireGrantWF\NMSFMFireGrantWF.csproj]
I:\NMSFM REPOS\Fire Grant App - CVE Fixes\NMSFM_FGF_CVE\NMSFMFireGrantWF\NMSFMFireGrantWF\Application\HazardsThreats.aspx.cs(528,74): error CS0234: The type or namespace name 'Web' does not exist in the namespace 'Telerik' (are you missing an assembly reference?) [I:\NMSFM REPOS\Fire Grant App - CVE Fixes\NMSFM_FGF_CVE\NMSFMFireGrantWF\NMSFMFireGrantWF\NMSFMFireGrantWF.csproj]
I:\NMSFM REPOS\Fire Grant App - CVE Fixes\NMSFM_FGF_CVE\NMSFMFireGrantWF\NMSFMFireGrantWF\Admin\ManageHelpText.aspx.cs(196,58): error CS0246: The type or namespace name 'GridCommandEventArgs' could not be found (are you missing a using directive or an assembly reference?) [I:\NMSFM REPOS\Fire Grant App - CVE Fixes\NMSFM_FGF_CVE\NMSFMFireGrantWF\NMSFMFireGrantWF\NMSFMFireGrantWF.csproj]
I:\NMSFM REPOS\Fire Grant App - CVE Fixes\NMSFM_FGF_CVE\NMSFMFireGrantWF\NMSFMFireGrantWF\Application\EquipmentNeeds.aspx.cs(481,76): error CS0234: The type or namespace name 'Web' does not exist in the namespace 'Telerik' (are you missing an assembly reference?) [I:\NMSFM REPOS\Fire Grant App - CVE Fixes\NMSFM_FGF_CVE\NMSFMFireGrantWF\NMSFMFireGrantWF\NMSFMFireGrantWF.csproj]
I:\NMSFM REPOS\Fire Grant App - CVE Fixes\NMSFM_FGF_CVE\NMSFMFireGrantWF\NMSFMFireGrantWF\Admin\SearchHelp.aspx.cs(183,58): error CS0246: The type or namespace name 'GridCommandEventArgs' could not be found (are you missing a using directive or an assembly reference?) [I:\NMSFM REPOS\Fire Grant App - CVE Fixes\NMSFM_FGF_CVE\NMSFMFireGrantWF\NMSFMFireGrantWF\NMSFMFireGrantWF.csproj]
I:\NMSFM REPOS\Fire Grant App - CVE Fixes\NMSFM_FGF_CVE\NMSFMFireGrantWF\NMSFMFireGrantWF\Application\HazardsThreats.aspx.cs(535,71): error CS0234: The type or namespace name 'Web' does not exist in the namespace 'Telerik' (are you missing an assembly reference?) [I:\NMSFM REPOS\Fire Grant App - CVE Fixes\NMSFM_FGF_CVE\NMSFMFireGrantWF\NMSFMFireGrantWF\NMSFMFireGrantWF.csproj]
I:\NMSFM REPOS\Fire Grant App - CVE Fixes\NMSFM_FGF_CVE\NMSFMFireGrantWF\NMSFMFireGrantWF\Admin\ManageLegacyApps.aspx.designer.cs(105,35): error CS0234: The type or namespace name 'Web' does not exist in the namespace 'Telerik' (are you missing an assembly reference?) [I:\NMSFM REPOS\Fire Grant App - CVE Fixes\NMSFM_FGF_CVE\NMSFMFireGrantWF\NMSFMFireGrantWF\NMSFMFireGrantWF.csproj]
I:\NMSFM REPOS\Fire Grant App - CVE Fixes\NMSFM_FGF_CVE\NMSFMFireGrantWF\NMSFMFireGrantWF\Application\EquipmentNeeds.aspx.cs(488,73): error CS0234: The type or namespace name 'Web' does not exist in the namespace 'Telerik' (are you missing an assembly reference?) [I:\NMSFM REPOS\Fire Grant App - CVE Fixes\NMSFM_FGF_CVE\NMSFMFireGrantWF\NMSFMFireGrantWF\NMSFMFireGrantWF.csproj]
I:\NMSFM REPOS\Fire Grant App - CVE Fixes\NMSFM_FGF_CVE\NMSFMFireGrantWF\NMSFMFireGrantWF\Account\AddNewUser.aspx.cs(328,68): error CS0246: The type or namespace name 'GridNeedDataSourceEventArgs' could not be found (are you missing a using directive or an assembly reference?) [I:\NMSFM REPOS\Fire Grant App - CVE Fixes\NMSFM_FGF_CVE\NMSFMFireGrantWF\NMSFMFireGrantWF\NMSFMFireGrantWF.csproj]
I:\NMSFM REPOS\Fire Grant App - CVE Fixes\NMSFM_FGF_CVE\NMSFMFireGrantWF\NMSFMFireGrantWF\Application\CommunityInfo.aspx.cs(457,71): error CS0246: The type or namespace name 'GridPageChangedEventArgs' could not be found (are you missing a using directive or an assembly reference?) [I:\NMSFM REPOS\Fire Grant App - CVE Fixes\NMSFM_FGF_CVE\NMSFMFireGrantWF\NMSFMFireGrantWF\NMSFMFireGrantWF.csproj]
I:\NMSFM REPOS\Fire Grant App - CVE Fixes\NMSFM_FGF_CVE\NMSFMFireGrantWF\NMSFMFireGrantWF\Admin\ViewLegacyApps.aspx.designer.cs(42,35): error CS0234: The type or namespace name 'Web' does not exist in the namespace 'Telerik' (are you missing an assembly reference?) [I:\NMSFM REPOS\Fire Grant App - CVE Fixes\NMSFM_FGF_CVE\NMSFMFireGrantWF\NMSFMFireGrantWF\NMSFMFireGrantWF.csproj]
I:\NMSFM REPOS\Fire Grant App - CVE Fixes\NMSFM_FGF_CVE\NMSFMFireGrantWF\NMSFMFireGrantWF\Application\EquipmentNeeds.aspx.cs(493,77): error CS0234: The type or namespace name 'Web' does not exist in the namespace 'Telerik' (are you missing an assembly reference?) [I:\NMSFM REPOS\Fire Grant App - CVE Fixes\NMSFM_FGF_CVE\NMSFMFireGrantWF\NMSFMFireGrantWF\NMSFMFireGrantWF.csproj]
I:\NMSFM REPOS\Fire Grant App - CVE Fixes\NMSFM_FGF_CVE\NMSFMFireGrantWF\NMSFMFireGrantWF\Application\HazardsThreats.aspx.cs(540,69): error CS0234: The type or namespace name 'Web' does not exist in the namespace 'Telerik' (are you missing an assembly reference?) [I:\NMSFM REPOS\Fire Grant App - CVE Fixes\NMSFM_FGF_CVE\NMSFMFireGrantWF\NMSFMFireGrantWF\NMSFMFireGrantWF.csproj]
I:\NMSFM REPOS\Fire Grant App - CVE Fixes\NMSFM_FGF_CVE\NMSFMFireGrantWF\NMSFMFireGrantWF\Admin\ManageFDIDs.aspx.cs(224,61): error CS0246: The type or namespace name 'GridItemEventArgs' could not be found (are you missing a using directive or an assembly reference?) [I:\NMSFM REPOS\Fire Grant App - CVE Fixes\NMSFM_FGF_CVE\NMSFMFireGrantWF\NMSFMFireGrantWF\NMSFMFireGrantWF.csproj]
I:\NMSFM REPOS\Fire Grant App - CVE Fixes\NMSFM_FGF_CVE\NMSFMFireGrantWF\NMSFMFireGrantWF\Application\FundingJustification.aspx.cs(38,9): error CS0246: The type or namespace name 'RadMenu' could not be found (are you missing a using directive or an assembly reference?) [I:\NMSFM REPOS\Fire Grant App - CVE Fixes\NMSFM_FGF_CVE\NMSFMFireGrantWF\NMSFMFireGrantWF\NMSFMFireGrantWF.csproj]
I:\NMSFM REPOS\Fire Grant App - CVE Fixes\NMSFM_FGF_CVE\NMSFMFireGrantWF\NMSFMFireGrantWF\Account\Register.aspx.cs(555,65): error CS0246: The type or namespace name 'GridCommandEventArgs' could not be found (are you missing a using directive or an assembly reference?) [I:\NMSFM REPOS\Fire Grant App - CVE Fixes\NMSFM_FGF_CVE\NMSFMFireGrantWF\NMSFMFireGrantWF\NMSFMFireGrantWF.csproj]
I:\NMSFM REPOS\Fire Grant App - CVE Fixes\NMSFM_FGF_CVE\NMSFMFireGrantWF\NMSFMFireGrantWF\Account\AddNewUser.aspx.cs(334,70): error CS0246: The type or namespace name 'GridPageChangedEventArgs' could not be found (are you missing a using directive or an assembly reference?) [I:\NMSFM REPOS\Fire Grant App - CVE Fixes\NMSFM_FGF_CVE\NMSFMFireGrantWF\NMSFMFireGrantWF\NMSFMFireGrantWF.csproj]
I:\NMSFM REPOS\Fire Grant App - CVE Fixes\NMSFM_FGF_CVE\NMSFMFireGrantWF\NMSFMFireGrantWF\Application\CommunityInfo.aspx.cs(467,68): error CS0246: The type or namespace name 'GridItemEventArgs' could not be found (are you missing a using directive or an assembly reference?) [I:\NMSFM REPOS\Fire Grant App - CVE Fixes\NMSFM_FGF_CVE\NMSFMFireGrantWF\NMSFMFireGrantWF\NMSFMFireGrantWF.csproj]
I:\NMSFM REPOS\Fire Grant App - CVE Fixes\NMSFM_FGF_CVE\NMSFMFireGrantWF\NMSFMFireGrantWF\Admin\ManageSettings.aspx.designer.cs(96,35): error CS0234: The type or namespace name 'Web' does not exist in the namespace 'Telerik' (are you missing an assembly reference?) [I:\NMSFM REPOS\Fire Grant App - CVE Fixes\NMSFM_FGF_CVE\NMSFMFireGrantWF\NMSFMFireGrantWF\NMSFMFireGrantWF.csproj]
I:\NMSFM REPOS\Fire Grant App - CVE Fixes\NMSFM_FGF_CVE\NMSFMFireGrantWF\NMSFMFireGrantWF\Application\FundingJustification.aspx.designer.cs(78,35): error CS0234: The type or namespace name 'Web' does not exist in the namespace 'Telerik' (are you missing an assembly reference?) [I:\NMSFM REPOS\Fire Grant App - CVE Fixes\NMSFM_FGF_CVE\NMSFMFireGrantWF\NMSFMFireGrantWF\NMSFMFireGrantWF.csproj]
I:\NMSFM REPOS\Fire Grant App - CVE Fixes\NMSFM_FGF_CVE\NMSFMFireGrantWF\NMSFMFireGrantWF\Account\AddNewUser.aspx.cs(341,67): error CS0246: The type or namespace name 'GridItemEventArgs' could not be found (are you missing a using directive or an assembly reference?) [I:\NMSFM REPOS\Fire Grant App - CVE Fixes\NMSFM_FGF_CVE\NMSFMFireGrantWF\NMSFMFireGrantWF\NMSFMFireGrantWF.csproj]
I:\NMSFM REPOS\Fire Grant App - CVE Fixes\NMSFM_FGF_CVE\NMSFMFireGrantWF\NMSFMFireGrantWF\Application\FundingJustification.aspx.designer.cs(96,35): error CS0234: The type or namespace name 'Web' does not exist in the namespace 'Telerik' (are you missing an assembly reference?) [I:\NMSFM REPOS\Fire Grant App - CVE Fixes\NMSFM_FGF_CVE\NMSFMFireGrantWF\NMSFMFireGrantWF\NMSFMFireGrantWF.csproj]
I:\NMSFM REPOS\Fire Grant App - CVE Fixes\NMSFM_FGF_CVE\NMSFMFireGrantWF\NMSFMFireGrantWF\Application\CommunityInfo.aspx.cs(472,66): error CS0246: The type or namespace name 'GridCommandEventArgs' could not be found (are you missing a using directive or an assembly reference?) [I:\NMSFM REPOS\Fire Grant App - CVE Fixes\NMSFM_FGF_CVE\NMSFMFireGrantWF\NMSFMFireGrantWF\NMSFMFireGrantWF.csproj]
I:\NMSFM REPOS\Fire Grant App - CVE Fixes\NMSFM_FGF_CVE\NMSFMFireGrantWF\NMSFMFireGrantWF\Application\FundingJustification.aspx.designer.cs(114,35): error CS0234: The type or namespace name 'Web' does not exist in the namespace 'Telerik' (are you missing an assembly reference?) [I:\NMSFM REPOS\Fire Grant App - CVE Fixes\NMSFM_FGF_CVE\NMSFMFireGrantWF\NMSFMFireGrantWF\NMSFMFireGrantWF.csproj]
I:\NMSFM REPOS\Fire Grant App - CVE Fixes\NMSFM_FGF_CVE\NMSFMFireGrantWF\NMSFMFireGrantWF\Application\HazardsThreats.aspx.cs(38,9): error CS0246: The type or namespace name 'RadMenu' could not be found (are you missing a using directive or an assembly reference?) [I:\NMSFM REPOS\Fire Grant App - CVE Fixes\NMSFM_FGF_CVE\NMSFMFireGrantWF\NMSFMFireGrantWF\NMSFMFireGrantWF.csproj]
I:\NMSFM REPOS\Fire Grant App - CVE Fixes\NMSFM_FGF_CVE\NMSFMFireGrantWF\NMSFMFireGrantWF\Application\FundingJustification.aspx.designer.cs(132,35): error CS0234: The type or namespace name 'Web' does not exist in the namespace 'Telerik' (are you missing an assembly reference?) [I:\NMSFM REPOS\Fire Grant App - CVE Fixes\NMSFM_FGF_CVE\NMSFMFireGrantWF\NMSFMFireGrantWF\NMSFMFireGrantWF.csproj]
I:\NMSFM REPOS\Fire Grant App - CVE Fixes\NMSFM_FGF_CVE\NMSFMFireGrantWF\NMSFMFireGrantWF\Application\GeneralInformation.aspx.cs(39,9): error CS0246: The type or namespace name 'RadMenu' could not be found (are you missing a using directive or an assembly reference?) [I:\NMSFM REPOS\Fire Grant App - CVE Fixes\NMSFM_FGF_CVE\NMSFMFireGrantWF\NMSFMFireGrantWF\NMSFMFireGrantWF.csproj]
I:\NMSFM REPOS\Fire Grant App - CVE Fixes\NMSFM_FGF_CVE\NMSFMFireGrantWF\NMSFMFireGrantWF\Admin\ManageSettings.aspx.designer.cs(204,35): error CS0234: The type or namespace name 'Web' does not exist in the namespace 'Telerik' (are you missing an assembly reference?) [I:\NMSFM REPOS\Fire Grant App - CVE Fixes\NMSFM_FGF_CVE\NMSFMFireGrantWF\NMSFMFireGrantWF\NMSFMFireGrantWF.csproj]
I:\NMSFM REPOS\Fire Grant App - CVE Fixes\NMSFM_FGF_CVE\NMSFMFireGrantWF\NMSFMFireGrantWF\Application\HazardsThreats.aspx.designer.cs(42,35): error CS0234: The type or namespace name 'Web' does not exist in the namespace 'Telerik' (are you missing an assembly reference?) [I:\NMSFM REPOS\Fire Grant App - CVE Fixes\NMSFM_FGF_CVE\NMSFMFireGrantWF\NMSFMFireGrantWF\NMSFMFireGrantWF.csproj]
I:\NMSFM REPOS\Fire Grant App - CVE Fixes\NMSFM_FGF_CVE\NMSFMFireGrantWF\NMSFMFireGrantWF\Application\FundingJustification.aspx.designer.cs(159,35): error CS0234: The type or namespace name 'Web' does not exist in the namespace 'Telerik' (are you missing an assembly reference?) [I:\NMSFM REPOS\Fire Grant App - CVE Fixes\NMSFM_FGF_CVE\NMSFMFireGrantWF\NMSFMFireGrantWF\NMSFMFireGrantWF.csproj]
I:\NMSFM REPOS\Fire Grant App - CVE Fixes\NMSFM_FGF_CVE\NMSFMFireGrantWF\NMSFMFireGrantWF\Account\AddNewUser.aspx.cs(400,65): error CS0246: The type or namespace name 'GridCommandEventArgs' could not be found (are you missing a using directive or an assembly reference?) [I:\NMSFM REPOS\Fire Grant App - CVE Fixes\NMSFM_FGF_CVE\NMSFMFireGrantWF\NMSFMFireGrantWF\NMSFMFireGrantWF.csproj]
I:\NMSFM REPOS\Fire Grant App - CVE Fixes\NMSFM_FGF_CVE\NMSFMFireGrantWF\NMSFMFireGrantWF\Application\EquipmentNeeds.aspx.cs(38,9): error CS0246: The type or namespace name 'RadMenu' could not be found (are you missing a using directive or an assembly reference?) [I:\NMSFM REPOS\Fire Grant App - CVE Fixes\NMSFM_FGF_CVE\NMSFMFireGrantWF\NMSFMFireGrantWF\NMSFMFireGrantWF.csproj]
I:\NMSFM REPOS\Fire Grant App - CVE Fixes\NMSFM_FGF_CVE\NMSFMFireGrantWF\NMSFMFireGrantWF\Admin\ManageSettings.aspx.designer.cs(231,35): error CS0234: The type or namespace name 'Web' does not exist in the namespace 'Telerik' (are you missing an assembly reference?) [I:\NMSFM REPOS\Fire Grant App - CVE Fixes\NMSFM_FGF_CVE\NMSFMFireGrantWF\NMSFMFireGrantWF\NMSFMFireGrantWF.csproj]
I:\NMSFM REPOS\Fire Grant App - CVE Fixes\NMSFM_FGF_CVE\NMSFMFireGrantWF\NMSFMFireGrantWF\Admin\ManageHelpText.aspx.designer.cs(33,35): error CS0234: The type or namespace name 'Web' does not exist in the namespace 'Telerik' (are you missing an assembly reference?) [I:\NMSFM REPOS\Fire Grant App - CVE Fixes\NMSFM_FGF_CVE\NMSFMFireGrantWF\NMSFMFireGrantWF\NMSFMFireGrantWF.csproj]
I:\NMSFM REPOS\Fire Grant App - CVE Fixes\NMSFM_FGF_CVE\NMSFMFireGrantWF\NMSFMFireGrantWF\Application\ProjectBudgetSheet.aspx.cs(259,67): error CS0234: The type or namespace name 'Web' does not exist in the namespace 'Telerik' (are you missing an assembly reference?) [I:\NMSFM REPOS\Fire Grant App - CVE Fixes\NMSFM_FGF_CVE\NMSFMFireGrantWF\NMSFMFireGrantWF\NMSFMFireGrantWF.csproj]
I:\NMSFM REPOS\Fire Grant App - CVE Fixes\NMSFM_FGF_CVE\NMSFMFireGrantWF\NMSFMFireGrantWF\Admin\ManageSettings.aspx.designer.cs(249,35): error CS0234: The type or namespace name 'Web' does not exist in the namespace 'Telerik' (are you missing an assembly reference?) [I:\NMSFM REPOS\Fire Grant App - CVE Fixes\NMSFM_FGF_CVE\NMSFMFireGrantWF\NMSFMFireGrantWF\NMSFMFireGrantWF.csproj]
I:\NMSFM REPOS\Fire Grant App - CVE Fixes\NMSFM_FGF_CVE\NMSFMFireGrantWF\NMSFMFireGrantWF\Application\FundingJustification.aspx.designer.cs(195,35): error CS0234: The type or namespace name 'Web' does not exist in the namespace 'Telerik' (are you missing an assembly reference?) [I:\NMSFM REPOS\Fire Grant App - CVE Fixes\NMSFM_FGF_CVE\NMSFMFireGrantWF\NMSFMFireGrantWF\NMSFMFireGrantWF.csproj]
I:\NMSFM REPOS\Fire Grant App - CVE Fixes\NMSFM_FGF_CVE\NMSFMFireGrantWF\NMSFMFireGrantWF\Admin\ManageFDIDs.aspx.designer.cs(86,35): error CS0234: The type or namespace name 'Web' does not exist in the namespace 'Telerik' (are you missing an assembly reference?) [I:\NMSFM REPOS\Fire Grant App - CVE Fixes\NMSFM_FGF_CVE\NMSFMFireGrantWF\NMSFMFireGrantWF\NMSFMFireGrantWF.csproj]
I:\NMSFM REPOS\Fire Grant App - CVE Fixes\NMSFM_FGF_CVE\NMSFMFireGrantWF\NMSFMFireGrantWF\Admin\ManageSettings.aspx.designer.cs(276,35): error CS0234: The type or namespace name 'Web' does not exist in the namespace 'Telerik' (are you missing an assembly reference?) [I:\NMSFM REPOS\Fire Grant App - CVE Fixes\NMSFM_FGF_CVE\NMSFMFireGrantWF\NMSFMFireGrantWF\NMSFMFireGrantWF.csproj]
I:\NMSFM REPOS\Fire Grant App - CVE Fixes\NMSFM_FGF_CVE\NMSFMFireGrantWF\NMSFMFireGrantWF\Admin\SearchHelp.aspx.designer.cs(78,35): error CS0234: The type or namespace name 'Web' does not exist in the namespace 'Telerik' (are you missing an assembly reference?) [I:\NMSFM REPOS\Fire Grant App - CVE Fixes\NMSFM_FGF_CVE\NMSFMFireGrantWF\NMSFMFireGrantWF\NMSFMFireGrantWF.csproj]
I:\NMSFM REPOS\Fire Grant App - CVE Fixes\NMSFM_FGF_CVE\NMSFMFireGrantWF\NMSFMFireGrantWF\Application\EquipmentNeeds.aspx.designer.cs(60,35): error CS0234: The type or namespace name 'Web' does not exist in the namespace 'Telerik' (are you missing an assembly reference?) [I:\NMSFM REPOS\Fire Grant App - CVE Fixes\NMSFM_FGF_CVE\NMSFMFireGrantWF\NMSFMFireGrantWF\NMSFMFireGrantWF.csproj]
I:\NMSFM REPOS\Fire Grant App - CVE Fixes\NMSFM_FGF_CVE\NMSFMFireGrantWF\NMSFMFireGrantWF\Application\FundingJustification.aspx.designer.cs(231,35): error CS0234: The type or namespace name 'Web' does not exist in the namespace 'Telerik' (are you missing an assembly reference?) [I:\NMSFM REPOS\Fire Grant App - CVE Fixes\NMSFM_FGF_CVE\NMSFMFireGrantWF\NMSFMFireGrantWF\NMSFMFireGrantWF.csproj]
I:\NMSFM REPOS\Fire Grant App - CVE Fixes\NMSFM_FGF_CVE\NMSFMFireGrantWF\NMSFMFireGrantWF\Admin\ManageSettings.aspx.designer.cs(303,35): error CS0234: The type or namespace name 'Web' does not exist in the namespace 'Telerik' (are you missing an assembly reference?) [I:\NMSFM REPOS\Fire Grant App - CVE Fixes\NMSFM_FGF_CVE\NMSFMFireGrantWF\NMSFMFireGrantWF\NMSFMFireGrantWF.csproj]
I:\NMSFM REPOS\Fire Grant App - CVE Fixes\NMSFM_FGF_CVE\NMSFMFireGrantWF\NMSFMFireGrantWF\Application\CommunityInfo.aspx.cs(38,9): error CS0246: The type or namespace name 'RadMenu' could not be found (are you missing a using directive or an assembly reference?) [I:\NMSFM REPOS\Fire Grant App - CVE Fixes\NMSFM_FGF_CVE\NMSFMFireGrantWF\NMSFMFireGrantWF\NMSFMFireGrantWF.csproj]
I:\NMSFM REPOS\Fire Grant App - CVE Fixes\NMSFM_FGF_CVE\NMSFMFireGrantWF\NMSFMFireGrantWF\Application\Instructions.aspx.cs(208,67): error CS0234: The type or namespace name 'Web' does not exist in the namespace 'Telerik' (are you missing an assembly reference?) [I:\NMSFM REPOS\Fire Grant App - CVE Fixes\NMSFM_FGF_CVE\NMSFMFireGrantWF\NMSFMFireGrantWF\NMSFMFireGrantWF.csproj]
I:\NMSFM REPOS\Fire Grant App - CVE Fixes\NMSFM_FGF_CVE\NMSFMFireGrantWF\NMSFMFireGrantWF\Application\GeneralInformation.aspx.designer.cs(132,35): error CS0234: The type or namespace name 'Web' does not exist in the namespace 'Telerik' (are you missing an assembly reference?) [I:\NMSFM REPOS\Fire Grant App - CVE Fixes\NMSFM_FGF_CVE\NMSFMFireGrantWF\NMSFMFireGrantWF\NMSFMFireGrantWF.csproj]
I:\NMSFM REPOS\Fire Grant App - CVE Fixes\NMSFM_FGF_CVE\NMSFMFireGrantWF\NMSFMFireGrantWF\Admin\ManageSettings.aspx.designer.cs(321,35): error CS0234: The type or namespace name 'Web' does not exist in the namespace 'Telerik' (are you missing an assembly reference?) [I:\NMSFM REPOS\Fire Grant App - CVE Fixes\NMSFM_FGF_CVE\NMSFMFireGrantWF\NMSFMFireGrantWF\NMSFMFireGrantWF.csproj]
I:\NMSFM REPOS\Fire Grant App - CVE Fixes\NMSFM_FGF_CVE\NMSFMFireGrantWF\NMSFMFireGrantWF\Application\ProjectBudgetSheet.aspx.cs(509,74): error CS0234: The type or namespace name 'Web' does not exist in the namespace 'Telerik' (are you missing an assembly reference?) [I:\NMSFM REPOS\Fire Grant App - CVE Fixes\NMSFM_FGF_CVE\NMSFMFireGrantWF\NMSFMFireGrantWF\NMSFMFireGrantWF.csproj]
I:\NMSFM REPOS\Fire Grant App - CVE Fixes\NMSFM_FGF_CVE\NMSFMFireGrantWF\NMSFMFireGrantWF\Application\FundingJustification.aspx.designer.cs(267,35): error CS0234: The type or namespace name 'Web' does not exist in the namespace 'Telerik' (are you missing an assembly reference?) [I:\NMSFM REPOS\Fire Grant App - CVE Fixes\NMSFM_FGF_CVE\NMSFMFireGrantWF\NMSFMFireGrantWF\NMSFMFireGrantWF.csproj]
I:\NMSFM REPOS\Fire Grant App - CVE Fixes\NMSFM_FGF_CVE\NMSFMFireGrantWF\NMSFMFireGrantWF\Admin\ManageHelpText.aspx.designer.cs(132,35): error CS0234: The type or namespace name 'Web' does not exist in the namespace 'Telerik' (are you missing an assembly reference?) [I:\NMSFM REPOS\Fire Grant App - CVE Fixes\NMSFM_FGF_CVE\NMSFMFireGrantWF\NMSFMFireGrantWF\NMSFMFireGrantWF.csproj]
I:\NMSFM REPOS\Fire Grant App - CVE Fixes\NMSFM_FGF_CVE\NMSFMFireGrantWF\NMSFMFireGrantWF\Application\ProjectBudgetSheet.aspx.cs(515,76): error CS0234: The type or namespace name 'Web' does not exist in the namespace 'Telerik' (are you missing an assembly reference?) [I:\NMSFM REPOS\Fire Grant App - CVE Fixes\NMSFM_FGF_CVE\NMSFMFireGrantWF\NMSFMFireGrantWF\NMSFMFireGrantWF.csproj]
I:\NMSFM REPOS\Fire Grant App - CVE Fixes\NMSFM_FGF_CVE\NMSFMFireGrantWF\NMSFMFireGrantWF\Application\ResponseHistory.aspx.cs(221,67): error CS0234: The type or namespace name 'Web' does not exist in the namespace 'Telerik' (are you missing an assembly reference?) [I:\NMSFM REPOS\Fire Grant App - CVE Fixes\NMSFM_FGF_CVE\NMSFMFireGrantWF\NMSFMFireGrantWF\NMSFMFireGrantWF.csproj]
I:\NMSFM REPOS\Fire Grant App - CVE Fixes\NMSFM_FGF_CVE\NMSFMFireGrantWF\NMSFMFireGrantWF\Application\CommunityInfo.aspx.designer.cs(60,35): error CS0234: The type or namespace name 'Web' does not exist in the namespace 'Telerik' (are you missing an assembly reference?) [I:\NMSFM REPOS\Fire Grant App - CVE Fixes\NMSFM_FGF_CVE\NMSFMFireGrantWF\NMSFMFireGrantWF\NMSFMFireGrantWF.csproj]
I:\NMSFM REPOS\Fire Grant App - CVE Fixes\NMSFM_FGF_CVE\NMSFMFireGrantWF\NMSFMFireGrantWF\Application\GeneralInformation.aspx.designer.cs(168,35): error CS0234: The type or namespace name 'Web' does not exist in the namespace 'Telerik' (are you missing an assembly reference?) [I:\NMSFM REPOS\Fire Grant App - CVE Fixes\NMSFM_FGF_CVE\NMSFMFireGrantWF\NMSFMFireGrantWF\NMSFMFireGrantWF.csproj]
I:\NMSFM REPOS\Fire Grant App - CVE Fixes\NMSFM_FGF_CVE\NMSFMFireGrantWF\NMSFMFireGrantWF\Admin\ManageHelpText.aspx.designer.cs(177,35): error CS0234: The type or namespace name 'Web' does not exist in the namespace 'Telerik' (are you missing an assembly reference?) [I:\NMSFM REPOS\Fire Grant App - CVE Fixes\NMSFM_FGF_CVE\NMSFMFireGrantWF\NMSFMFireGrantWF\NMSFMFireGrantWF.csproj]
I:\NMSFM REPOS\Fire Grant App - CVE Fixes\NMSFM_FGF_CVE\NMSFMFireGrantWF\NMSFMFireGrantWF\Application\CommunityInfo.aspx.designer.cs(78,35): error CS0234: The type or namespace name 'Web' does not exist in the namespace 'Telerik' (are you missing an assembly reference?) [I:\NMSFM REPOS\Fire Grant App - CVE Fixes\NMSFM_FGF_CVE\NMSFMFireGrantWF\NMSFMFireGrantWF\NMSFMFireGrantWF.csproj]
I:\NMSFM REPOS\Fire Grant App - CVE Fixes\NMSFM_FGF_CVE\NMSFMFireGrantWF\NMSFMFireGrantWF\Application\CommunityInfo.aspx.designer.cs(96,35): error CS0234: The type or namespace name 'Web' does not exist in the namespace 'Telerik' (are you missing an assembly reference?) [I:\NMSFM REPOS\Fire Grant App - CVE Fixes\NMSFM_FGF_CVE\NMSFMFireGrantWF\NMSFMFireGrantWF\NMSFMFireGrantWF.csproj]
I:\NMSFM REPOS\Fire Grant App - CVE Fixes\NMSFM_FGF_CVE\NMSFMFireGrantWF\NMSFMFireGrantWF\Account\AddNewUser.aspx.designer.cs(150,35): error CS0234: The type or namespace name 'Web' does not exist in the namespace 'Telerik' (are you missing an assembly reference?) [I:\NMSFM REPOS\Fire Grant App - CVE Fixes\NMSFM_FGF_CVE\NMSFMFireGrantWF\NMSFMFireGrantWF\NMSFMFireGrantWF.csproj]
I:\NMSFM REPOS\Fire Grant App - CVE Fixes\NMSFM_FGF_CVE\NMSFMFireGrantWF\NMSFMFireGrantWF\Account\AddNewUser.aspx.designer.cs(168,35): error CS0234: The type or namespace name 'Web' does not exist in the namespace 'Telerik' (are you missing an assembly reference?) [I:\NMSFM REPOS\Fire Grant App - CVE Fixes\NMSFM_FGF_CVE\NMSFMFireGrantWF\NMSFMFireGrantWF\NMSFMFireGrantWF.csproj]
I:\NMSFM REPOS\Fire Grant App - CVE Fixes\NMSFM_FGF_CVE\NMSFMFireGrantWF\NMSFMFireGrantWF\Application\EquipmentNeeds.aspx.designer.cs(267,35): error CS0234: The type or namespace name 'Web' does not exist in the namespace 'Telerik' (are you missing an assembly reference?) [I:\NMSFM REPOS\Fire Grant App - CVE Fixes\NMSFM_FGF_CVE\NMSFMFireGrantWF\NMSFMFireGrantWF\NMSFMFireGrantWF.csproj]
I:\NMSFM REPOS\Fire Grant App - CVE Fixes\NMSFM_FGF_CVE\NMSFMFireGrantWF\NMSFMFireGrantWF\Application\CommunityInfo.aspx.designer.cs(150,35): error CS0234: The type or namespace name 'Web' does not exist in the namespace 'Telerik' (are you missing an assembly reference?) [I:\NMSFM REPOS\Fire Grant App - CVE Fixes\NMSFM_FGF_CVE\NMSFMFireGrantWF\NMSFMFireGrantWF\NMSFMFireGrantWF.csproj]
I:\NMSFM REPOS\Fire Grant App - CVE Fixes\NMSFM_FGF_CVE\NMSFMFireGrantWF\NMSFMFireGrantWF\Application\ProjectBudgetSheet.aspx.cs(38,9): error CS0246: The type or namespace name 'RadMenu' could not be found (are you missing a using directive or an assembly reference?) [I:\NMSFM REPOS\Fire Grant App - CVE Fixes\NMSFM_FGF_CVE\NMSFMFireGrantWF\NMSFMFireGrantWF\NMSFMFireGrantWF.csproj]
I:\NMSFM REPOS\Fire Grant App - CVE Fixes\NMSFM_FGF_CVE\NMSFMFireGrantWF\NMSFMFireGrantWF\Application\Instructions.aspx.cs(38,9): error CS0246: The type or namespace name 'RadMenu' could not be found (are you missing a using directive or an assembly reference?) [I:\NMSFM REPOS\Fire Grant App - CVE Fixes\NMSFM_FGF_CVE\NMSFMFireGrantWF\NMSFMFireGrantWF\NMSFMFireGrantWF.csproj]
I:\NMSFM REPOS\Fire Grant App - CVE Fixes\NMSFM_FGF_CVE\NMSFMFireGrantWF\NMSFMFireGrantWF\Application\ProjectBudgetSheet.aspx.designer.cs(33,35): error CS0234: The type or namespace name 'Web' does not exist in the namespace 'Telerik' (are you missing an assembly reference?) [I:\NMSFM REPOS\Fire Grant App - CVE Fixes\NMSFM_FGF_CVE\NMSFMFireGrantWF\NMSFMFireGrantWF\NMSFMFireGrantWF.csproj]
I:\NMSFM REPOS\Fire Grant App - CVE Fixes\NMSFM_FGF_CVE\NMSFMFireGrantWF\NMSFMFireGrantWF\Application\PPE.aspx.cs(283,67): error CS0234: The type or namespace name 'Web' does not exist in the namespace 'Telerik' (are you missing an assembly reference?) [I:\NMSFM REPOS\Fire Grant App - CVE Fixes\NMSFM_FGF_CVE\NMSFMFireGrantWF\NMSFMFireGrantWF\NMSFMFireGrantWF.csproj]
I:\NMSFM REPOS\Fire Grant App - CVE Fixes\NMSFM_FGF_CVE\NMSFMFireGrantWF\NMSFMFireGrantWF\Account\Register.aspx.designer.cs(141,35): error CS0234: The type or namespace name 'Web' does not exist in the namespace 'Telerik' (are you missing an assembly reference?) [I:\NMSFM REPOS\Fire Grant App - CVE Fixes\NMSFM_FGF_CVE\NMSFMFireGrantWF\NMSFMFireGrantWF\NMSFMFireGrantWF.csproj]
I:\NMSFM REPOS\Fire Grant App - CVE Fixes\NMSFM_FGF_CVE\NMSFMFireGrantWF\NMSFMFireGrantWF\Application\ResponseHistory.aspx.cs(38,9): error CS0246: The type or namespace name 'RadMenu' could not be found (are you missing a using directive or an assembly reference?) [I:\NMSFM REPOS\Fire Grant App - CVE Fixes\NMSFM_FGF_CVE\NMSFMFireGrantWF\NMSFMFireGrantWF\NMSFMFireGrantWF.csproj]
I:\NMSFM REPOS\Fire Grant App - CVE Fixes\NMSFM_FGF_CVE\NMSFMFireGrantWF\NMSFMFireGrantWF\Account\Register.aspx.designer.cs(188,35): error CS0234: The type or namespace name 'Web' does not exist in the namespace 'Telerik' (are you missing an assembly reference?) [I:\NMSFM REPOS\Fire Grant App - CVE Fixes\NMSFM_FGF_CVE\NMSFMFireGrantWF\NMSFMFireGrantWF\NMSFMFireGrantWF.csproj]
I:\NMSFM REPOS\Fire Grant App - CVE Fixes\NMSFM_FGF_CVE\NMSFMFireGrantWF\NMSFMFireGrantWF\Application\PPE.aspx.cs(525,85): error CS0234: The type or namespace name 'Web' does not exist in the namespace 'Telerik' (are you missing an assembly reference?) [I:\NMSFM REPOS\Fire Grant App - CVE Fixes\NMSFM_FGF_CVE\NMSFMFireGrantWF\NMSFMFireGrantWF\NMSFMFireGrantWF.csproj]
I:\NMSFM REPOS\Fire Grant App - CVE Fixes\NMSFM_FGF_CVE\NMSFMFireGrantWF\NMSFMFireGrantWF\Application\PPE.aspx.cs(532,87): error CS0234: The type or namespace name 'Web' does not exist in the namespace 'Telerik' (are you missing an assembly reference?) [I:\NMSFM REPOS\Fire Grant App - CVE Fixes\NMSFM_FGF_CVE\NMSFMFireGrantWF\NMSFMFireGrantWF\NMSFMFireGrantWF.csproj]
I:\NMSFM REPOS\Fire Grant App - CVE Fixes\NMSFM_FGF_CVE\NMSFMFireGrantWF\NMSFMFireGrantWF\Account\Register.aspx.designer.cs(215,35): error CS0234: The type or namespace name 'Web' does not exist in the namespace 'Telerik' (are you missing an assembly reference?) [I:\NMSFM REPOS\Fire Grant App - CVE Fixes\NMSFM_FGF_CVE\NMSFMFireGrantWF\NMSFMFireGrantWF\NMSFMFireGrantWF.csproj]
I:\NMSFM REPOS\Fire Grant App - CVE Fixes\NMSFM_FGF_CVE\NMSFMFireGrantWF\NMSFMFireGrantWF\Application\ResponseHistory.aspx.designer.cs(78,35): error CS0234: The type or namespace name 'Web' does not exist in the namespace 'Telerik' (are you missing an assembly reference?) [I:\NMSFM REPOS\Fire Grant App - CVE Fixes\NMSFM_FGF_CVE\NMSFMFireGrantWF\NMSFMFireGrantWF\NMSFMFireGrantWF.csproj]
I:\NMSFM REPOS\Fire Grant App - CVE Fixes\NMSFM_FGF_CVE\NMSFMFireGrantWF\NMSFMFireGrantWF\Application\PPE.aspx.cs(539,84): error CS0234: The type or namespace name 'Web' does not exist in the namespace 'Telerik' (are you missing an assembly reference?) [I:\NMSFM REPOS\Fire Grant App - CVE Fixes\NMSFM_FGF_CVE\NMSFMFireGrantWF\NMSFMFireGrantWF\NMSFMFireGrantWF.csproj]
I:\NMSFM REPOS\Fire Grant App - CVE Fixes\NMSFM_FGF_CVE\NMSFMFireGrantWF\NMSFMFireGrantWF\Application\ResponseHistory.aspx.designer.cs(96,35): error CS0234: The type or namespace name 'Web' does not exist in the namespace 'Telerik' (are you missing an assembly reference?) [I:\NMSFM REPOS\Fire Grant App - CVE Fixes\NMSFM_FGF_CVE\NMSFMFireGrantWF\NMSFMFireGrantWF\NMSFMFireGrantWF.csproj]
I:\NMSFM REPOS\Fire Grant App - CVE Fixes\NMSFM_FGF_CVE\NMSFMFireGrantWF\NMSFMFireGrantWF\Application\PPE.aspx.cs(544,82): error CS0234: The type or namespace name 'Web' does not exist in the namespace 'Telerik' (are you missing an assembly reference?) [I:\NMSFM REPOS\Fire Grant App - CVE Fixes\NMSFM_FGF_CVE\NMSFMFireGrantWF\NMSFMFireGrantWF\NMSFMFireGrantWF.csproj]
I:\NMSFM REPOS\Fire Grant App - CVE Fixes\NMSFM_FGF_CVE\NMSFMFireGrantWF\NMSFMFireGrantWF\Application\ResponseHistory.aspx.designer.cs(114,35): error CS0234: The type or namespace name 'Web' does not exist in the namespace 'Telerik' (are you missing an assembly reference?) [I:\NMSFM REPOS\Fire Grant App - CVE Fixes\NMSFM_FGF_CVE\NMSFMFireGrantWF\NMSFMFireGrantWF\NMSFMFireGrantWF.csproj]
I:\NMSFM REPOS\Fire Grant App - CVE Fixes\NMSFM_FGF_CVE\NMSFMFireGrantWF\NMSFMFireGrantWF\Application\GeneralInformation.aspx.designer.cs(591,35): error CS0234: The type or namespace name 'Web' does not exist in the namespace 'Telerik' (are you missing an assembly reference?) [I:\NMSFM REPOS\Fire Grant App - CVE Fixes\NMSFM_FGF_CVE\NMSFMFireGrantWF\NMSFMFireGrantWF\NMSFMFireGrantWF.csproj]
I:\NMSFM REPOS\Fire Grant App - CVE Fixes\NMSFM_FGF_CVE\NMSFMFireGrantWF\NMSFMFireGrantWF\Application\ResponseHistory.aspx.designer.cs(132,35): error CS0234: The type or namespace name 'Web' does not exist in the namespace 'Telerik' (are you missing an assembly reference?) [I:\NMSFM REPOS\Fire Grant App - CVE Fixes\NMSFM_FGF_CVE\NMSFMFireGrantWF\NMSFMFireGrantWF\NMSFMFireGrantWF.csproj]
I:\NMSFM REPOS\Fire Grant App - CVE Fixes\NMSFM_FGF_CVE\NMSFMFireGrantWF\NMSFMFireGrantWF\Application\ResponseHistory.aspx.designer.cs(150,35): error CS0234: The type or namespace name 'Web' does not exist in the namespace 'Telerik' (are you missing an assembly reference?) [I:\NMSFM REPOS\Fire Grant App - CVE Fixes\NMSFM_FGF_CVE\NMSFMFireGrantWF\NMSFMFireGrantWF\NMSFMFireGrantWF.csproj]
I:\NMSFM REPOS\Fire Grant App - CVE Fixes\NMSFM_FGF_CVE\NMSFMFireGrantWF\NMSFMFireGrantWF\Application\PPE.aspx.cs(579,78): error CS0246: The type or namespace name 'GridNeedDataSourceEventArgs' could not be found (are you missing a using directive or an assembly reference?) [I:\NMSFM REPOS\Fire Grant App - CVE Fixes\NMSFM_FGF_CVE\NMSFMFireGrantWF\NMSFMFireGrantWF\NMSFMFireGrantWF.csproj]
I:\NMSFM REPOS\Fire Grant App - CVE Fixes\NMSFM_FGF_CVE\NMSFMFireGrantWF\NMSFMFireGrantWF\Application\ResponseHistory.aspx.designer.cs(168,35): error CS0234: The type or namespace name 'Web' does not exist in the namespace 'Telerik' (are you missing an assembly reference?) [I:\NMSFM REPOS\Fire Grant App - CVE Fixes\NMSFM_FGF_CVE\NMSFMFireGrantWF\NMSFMFireGrantWF\NMSFMFireGrantWF.csproj]
I:\NMSFM REPOS\Fire Grant App - CVE Fixes\NMSFM_FGF_CVE\NMSFMFireGrantWF\NMSFMFireGrantWF\Application\WaterAvailability.aspx.cs(234,67): error CS0234: The type or namespace name 'Web' does not exist in the namespace 'Telerik' (are you missing an assembly reference?) [I:\NMSFM REPOS\Fire Grant App - CVE Fixes\NMSFM_FGF_CVE\NMSFMFireGrantWF\NMSFMFireGrantWF\NMSFMFireGrantWF.csproj]
I:\NMSFM REPOS\Fire Grant App - CVE Fixes\NMSFM_FGF_CVE\NMSFMFireGrantWF\NMSFMFireGrantWF\Application\ResponseHistory.aspx.designer.cs(186,35): error CS0234: The type or namespace name 'Web' does not exist in the namespace 'Telerik' (are you missing an assembly reference?) [I:\NMSFM REPOS\Fire Grant App - CVE Fixes\NMSFM_FGF_CVE\NMSFMFireGrantWF\NMSFMFireGrantWF\NMSFMFireGrantWF.csproj]
I:\NMSFM REPOS\Fire Grant App - CVE Fixes\NMSFM_FGF_CVE\NMSFMFireGrantWF\NMSFMFireGrantWF\Application\Training.aspx.cs(285,67): error CS0234: The type or namespace name 'Web' does not exist in the namespace 'Telerik' (are you missing an assembly reference?) [I:\NMSFM REPOS\Fire Grant App - CVE Fixes\NMSFM_FGF_CVE\NMSFMFireGrantWF\NMSFMFireGrantWF\NMSFMFireGrantWF.csproj]
I:\NMSFM REPOS\Fire Grant App - CVE Fixes\NMSFM_FGF_CVE\NMSFMFireGrantWF\NMSFMFireGrantWF\Application\ResponseHistory.aspx.designer.cs(204,35): error CS0234: The type or namespace name 'Web' does not exist in the namespace 'Telerik' (are you missing an assembly reference?) [I:\NMSFM REPOS\Fire Grant App - CVE Fixes\NMSFM_FGF_CVE\NMSFMFireGrantWF\NMSFMFireGrantWF\NMSFMFireGrantWF.csproj]
I:\NMSFM REPOS\Fire Grant App - CVE Fixes\NMSFM_FGF_CVE\NMSFMFireGrantWF\NMSFMFireGrantWF\Application\PPE.aspx.cs(585,80): error CS0246: The type or namespace name 'GridPageChangedEventArgs' could not be found (are you missing a using directive or an assembly reference?) [I:\NMSFM REPOS\Fire Grant App - CVE Fixes\NMSFM_FGF_CVE\NMSFMFireGrantWF\NMSFMFireGrantWF\NMSFMFireGrantWF.csproj]
I:\NMSFM REPOS\Fire Grant App - CVE Fixes\NMSFM_FGF_CVE\NMSFMFireGrantWF\NMSFMFireGrantWF\Application\ResponseHistory.aspx.designer.cs(222,35): error CS0234: The type or namespace name 'Web' does not exist in the namespace 'Telerik' (are you missing an assembly reference?) [I:\NMSFM REPOS\Fire Grant App - CVE Fixes\NMSFM_FGF_CVE\NMSFMFireGrantWF\NMSFMFireGrantWF\NMSFMFireGrantWF.csproj]
I:\NMSFM REPOS\Fire Grant App - CVE Fixes\NMSFM_FGF_CVE\NMSFMFireGrantWF\NMSFMFireGrantWF\Application\ResponseHistory.aspx.designer.cs(240,35): error CS0234: The type or namespace name 'Web' does not exist in the namespace 'Telerik' (are you missing an assembly reference?) [I:\NMSFM REPOS\Fire Grant App - CVE Fixes\NMSFM_FGF_CVE\NMSFMFireGrantWF\NMSFMFireGrantWF\NMSFMFireGrantWF.csproj]
I:\NMSFM REPOS\Fire Grant App - CVE Fixes\NMSFM_FGF_CVE\NMSFMFireGrantWF\NMSFMFireGrantWF\Application\Reporting\DenialLetter.aspx.cs(294,38): error CS0246: The type or namespace name 'RadFlowDocument' could not be found (are you missing a using directive or an assembly reference?) [I:\NMSFM REPOS\Fire Grant App - CVE Fixes\NMSFM_FGF_CVE\NMSFMFireGrantWF\NMSFMFireGrantWF\NMSFMFireGrantWF.csproj]
I:\NMSFM REPOS\Fire Grant App - CVE Fixes\NMSFM_FGF_CVE\NMSFMFireGrantWF\NMSFMFireGrantWF\Application\WaterAvailability.aspx.cs(420,80): error CS0234: The type or namespace name 'Web' does not exist in the namespace 'Telerik' (are you missing an assembly reference?) [I:\NMSFM REPOS\Fire Grant App - CVE Fixes\NMSFM_FGF_CVE\NMSFMFireGrantWF\NMSFMFireGrantWF\NMSFMFireGrantWF.csproj]
I:\NMSFM REPOS\Fire Grant App - CVE Fixes\NMSFM_FGF_CVE\NMSFMFireGrantWF\NMSFMFireGrantWF\Application\ResponseHistory.aspx.designer.cs(258,35): error CS0234: The type or namespace name 'Web' does not exist in the namespace 'Telerik' (are you missing an assembly reference?) [I:\NMSFM REPOS\Fire Grant App - CVE Fixes\NMSFM_FGF_CVE\NMSFMFireGrantWF\NMSFMFireGrantWF\NMSFMFireGrantWF.csproj]
I:\NMSFM REPOS\Fire Grant App - CVE Fixes\NMSFM_FGF_CVE\NMSFMFireGrantWF\NMSFMFireGrantWF\Application\PPE.aspx.cs(592,77): error CS0246: The type or namespace name 'GridItemEventArgs' could not be found (are you missing a using directive or an assembly reference?) [I:\NMSFM REPOS\Fire Grant App - CVE Fixes\NMSFM_FGF_CVE\NMSFMFireGrantWF\NMSFMFireGrantWF\NMSFMFireGrantWF.csproj]
I:\NMSFM REPOS\Fire Grant App - CVE Fixes\NMSFM_FGF_CVE\NMSFMFireGrantWF\NMSFMFireGrantWF\Application\WaterAvailability.aspx.cs(426,82): error CS0234: The type or namespace name 'Web' does not exist in the namespace 'Telerik' (are you missing an assembly reference?) [I:\NMSFM REPOS\Fire Grant App - CVE Fixes\NMSFM_FGF_CVE\NMSFMFireGrantWF\NMSFMFireGrantWF\NMSFMFireGrantWF.csproj]
I:\NMSFM REPOS\Fire Grant App - CVE Fixes\NMSFM_FGF_CVE\NMSFMFireGrantWF\NMSFMFireGrantWF\Application\Reporting\GrantAwarded.aspx.cs(533,38): error CS0246: The type or namespace name 'RadFlowDocument' could not be found (are you missing a using directive or an assembly reference?) [I:\NMSFM REPOS\Fire Grant App - CVE Fixes\NMSFM_FGF_CVE\NMSFMFireGrantWF\NMSFMFireGrantWF\NMSFMFireGrantWF.csproj]
I:\NMSFM REPOS\Fire Grant App - CVE Fixes\NMSFM_FGF_CVE\NMSFMFireGrantWF\NMSFMFireGrantWF\Application\ProjectBudgetSheet.aspx.designer.cs(123,35): error CS0234: The type or namespace name 'Web' does not exist in the namespace 'Telerik' (are you missing an assembly reference?) [I:\NMSFM REPOS\Fire Grant App - CVE Fixes\NMSFM_FGF_CVE\NMSFMFireGrantWF\NMSFMFireGrantWF\NMSFMFireGrantWF.csproj]
I:\NMSFM REPOS\Fire Grant App - CVE Fixes\NMSFM_FGF_CVE\NMSFMFireGrantWF\NMSFMFireGrantWF\Application\WaterAvailability.aspx.cs(433,79): error CS0234: The type or namespace name 'Web' does not exist in the namespace 'Telerik' (are you missing an assembly reference?) [I:\NMSFM REPOS\Fire Grant App - CVE Fixes\NMSFM_FGF_CVE\NMSFMFireGrantWF\NMSFMFireGrantWF\NMSFMFireGrantWF.csproj]
I:\NMSFM REPOS\Fire Grant App - CVE Fixes\NMSFM_FGF_CVE\NMSFMFireGrantWF\NMSFMFireGrantWF\Application\ProjectBudgetSheet.aspx.designer.cs(150,35): error CS0234: The type or namespace name 'Web' does not exist in the namespace 'Telerik' (are you missing an assembly reference?) [I:\NMSFM REPOS\Fire Grant App - CVE Fixes\NMSFM_FGF_CVE\NMSFMFireGrantWF\NMSFMFireGrantWF\NMSFMFireGrantWF.csproj]
I:\NMSFM REPOS\Fire Grant App - CVE Fixes\NMSFM_FGF_CVE\NMSFMFireGrantWF\NMSFMFireGrantWF\Application\WaterAvailability.aspx.cs(438,77): error CS0234: The type or namespace name 'Web' does not exist in the namespace 'Telerik' (are you missing an assembly reference?) [I:\NMSFM REPOS\Fire Grant App - CVE Fixes\NMSFM_FGF_CVE\NMSFMFireGrantWF\NMSFMFireGrantWF\NMSFMFireGrantWF.csproj]
I:\NMSFM REPOS\Fire Grant App - CVE Fixes\NMSFM_FGF_CVE\NMSFMFireGrantWF\NMSFMFireGrantWF\Application\ProjectBudgetSheet.aspx.designer.cs(168,35): error CS0234: The type or namespace name 'Web' does not exist in the namespace 'Telerik' (are you missing an assembly reference?) [I:\NMSFM REPOS\Fire Grant App - CVE Fixes\NMSFM_FGF_CVE\NMSFMFireGrantWF\NMSFMFireGrantWF\NMSFMFireGrantWF.csproj]
I:\NMSFM REPOS\Fire Grant App - CVE Fixes\NMSFM_FGF_CVE\NMSFMFireGrantWF\NMSFMFireGrantWF\Application\Training.aspx.cs(465,63): error CS0246: The type or namespace name 'GridCommandEventArgs' could not be found (are you missing a using directive or an assembly reference?) [I:\NMSFM REPOS\Fire Grant App - CVE Fixes\NMSFM_FGF_CVE\NMSFMFireGrantWF\NMSFMFireGrantWF\NMSFMFireGrantWF.csproj]
I:\NMSFM REPOS\Fire Grant App - CVE Fixes\NMSFM_FGF_CVE\NMSFMFireGrantWF\NMSFMFireGrantWF\Application\PPE.aspx.cs(597,75): error CS0246: The type or namespace name 'GridCommandEventArgs' could not be found (are you missing a using directive or an assembly reference?) [I:\NMSFM REPOS\Fire Grant App - CVE Fixes\NMSFM_FGF_CVE\NMSFMFireGrantWF\NMSFMFireGrantWF\NMSFMFireGrantWF.csproj]
I:\NMSFM REPOS\Fire Grant App - CVE Fixes\NMSFM_FGF_CVE\NMSFMFireGrantWF\NMSFMFireGrantWF\Application\ProjectBudgetSheet.aspx.designer.cs(186,35): error CS0234: The type or namespace name 'Web' does not exist in the namespace 'Telerik' (are you missing an assembly reference?) [I:\NMSFM REPOS\Fire Grant App - CVE Fixes\NMSFM_FGF_CVE\NMSFMFireGrantWF\NMSFMFireGrantWF\NMSFMFireGrantWF.csproj]
I:\NMSFM REPOS\Fire Grant App - CVE Fixes\NMSFM_FGF_CVE\NMSFMFireGrantWF\NMSFMFireGrantWF\Application\Reporting\NotFunded.aspx.cs(294,38): error CS0246: The type or namespace name 'RadFlowDocument' could not be found (are you missing a using directive or an assembly reference?) [I:\NMSFM REPOS\Fire Grant App - CVE Fixes\NMSFM_FGF_CVE\NMSFMFireGrantWF\NMSFMFireGrantWF\NMSFMFireGrantWF.csproj]
I:\NMSFM REPOS\Fire Grant App - CVE Fixes\NMSFM_FGF_CVE\NMSFMFireGrantWF\NMSFMFireGrantWF\Application\Training.aspx.cs(657,65): error CS0246: The type or namespace name 'GridItemEventArgs' could not be found (are you missing a using directive or an assembly reference?) [I:\NMSFM REPOS\Fire Grant App - CVE Fixes\NMSFM_FGF_CVE\NMSFMFireGrantWF\NMSFMFireGrantWF\NMSFMFireGrantWF.csproj]
I:\NMSFM REPOS\Fire Grant App - CVE Fixes\NMSFM_FGF_CVE\NMSFMFireGrantWF\NMSFMFireGrantWF\Application\Training.aspx.cs(662,68): error CS0246: The type or namespace name 'GridPageChangedEventArgs' could not be found (are you missing a using directive or an assembly reference?) [I:\NMSFM REPOS\Fire Grant App - CVE Fixes\NMSFM_FGF_CVE\NMSFMFireGrantWF\NMSFMFireGrantWF\NMSFMFireGrantWF.csproj]
I:\NMSFM REPOS\Fire Grant App - CVE Fixes\NMSFM_FGF_CVE\NMSFMFireGrantWF\NMSFMFireGrantWF\Application\WaterAvailability.aspx.cs(38,9): error CS0246: The type or namespace name 'RadMenu' could not be found (are you missing a using directive or an assembly reference?) [I:\NMSFM REPOS\Fire Grant App - CVE Fixes\NMSFM_FGF_CVE\NMSFMFireGrantWF\NMSFMFireGrantWF\NMSFMFireGrantWF.csproj]
I:\NMSFM REPOS\Fire Grant App - CVE Fixes\NMSFM_FGF_CVE\NMSFMFireGrantWF\NMSFMFireGrantWF\Application\Reporting\ApplicationPrint.aspx.cs(989,38): error CS0246: The type or namespace name 'RadFlowDocument' could not be found (are you missing a using directive or an assembly reference?) [I:\NMSFM REPOS\Fire Grant App - CVE Fixes\NMSFM_FGF_CVE\NMSFMFireGrantWF\NMSFMFireGrantWF\NMSFMFireGrantWF.csproj]
I:\NMSFM REPOS\Fire Grant App - CVE Fixes\NMSFM_FGF_CVE\NMSFMFireGrantWF\NMSFMFireGrantWF\Application\PPE.aspx.cs(38,9): error CS0246: The type or namespace name 'RadMenu' could not be found (are you missing a using directive or an assembly reference?) [I:\NMSFM REPOS\Fire Grant App - CVE Fixes\NMSFM_FGF_CVE\NMSFMFireGrantWF\NMSFMFireGrantWF\NMSFMFireGrantWF.csproj]
I:\NMSFM REPOS\Fire Grant App - CVE Fixes\NMSFM_FGF_CVE\NMSFMFireGrantWF\NMSFMFireGrantWF\Application\Training.aspx.cs(669,66): error CS0246: The type or namespace name 'GridNeedDataSourceEventArgs' could not be found (are you missing a using directive or an assembly reference?) [I:\NMSFM REPOS\Fire Grant App - CVE Fixes\NMSFM_FGF_CVE\NMSFMFireGrantWF\NMSFMFireGrantWF\NMSFMFireGrantWF.csproj]
I:\NMSFM REPOS\Fire Grant App - CVE Fixes\NMSFM_FGF_CVE\NMSFMFireGrantWF\NMSFMFireGrantWF\Application\WaterAvailability.aspx.designer.cs(78,35): error CS0234: The type or namespace name 'Web' does not exist in the namespace 'Telerik' (are you missing an assembly reference?) [I:\NMSFM REPOS\Fire Grant App - CVE Fixes\NMSFM_FGF_CVE\NMSFMFireGrantWF\NMSFMFireGrantWF\NMSFMFireGrantWF.csproj]
I:\NMSFM REPOS\Fire Grant App - CVE Fixes\NMSFM_FGF_CVE\NMSFMFireGrantWF\NMSFMFireGrantWF\Application\WaterAvailability.aspx.designer.cs(96,35): error CS0234: The type or namespace name 'Web' does not exist in the namespace 'Telerik' (are you missing an assembly reference?) [I:\NMSFM REPOS\Fire Grant App - CVE Fixes\NMSFM_FGF_CVE\NMSFMFireGrantWF\NMSFMFireGrantWF\NMSFMFireGrantWF.csproj]
I:\NMSFM REPOS\Fire Grant App - CVE Fixes\NMSFM_FGF_CVE\NMSFMFireGrantWF\NMSFMFireGrantWF\Application\SignaturesDocs.aspx.cs(527,67): error CS0234: The type or namespace name 'Web' does not exist in the namespace 'Telerik' (are you missing an assembly reference?) [I:\NMSFM REPOS\Fire Grant App - CVE Fixes\NMSFM_FGF_CVE\NMSFMFireGrantWF\NMSFMFireGrantWF\NMSFMFireGrantWF.csproj]
I:\NMSFM REPOS\Fire Grant App - CVE Fixes\NMSFM_FGF_CVE\NMSFMFireGrantWF\NMSFMFireGrantWF\Application\PPE.aspx.designer.cs(114,35): error CS0234: The type or namespace name 'Web' does not exist in the namespace 'Telerik' (are you missing an assembly reference?) [I:\NMSFM REPOS\Fire Grant App - CVE Fixes\NMSFM_FGF_CVE\NMSFMFireGrantWF\NMSFMFireGrantWF\NMSFMFireGrantWF.csproj]
I:\NMSFM REPOS\Fire Grant App - CVE Fixes\NMSFM_FGF_CVE\NMSFMFireGrantWF\NMSFMFireGrantWF\Application\WaterAvailability.aspx.designer.cs(114,35): error CS0234: The type or namespace name 'Web' does not exist in the namespace 'Telerik' (are you missing an assembly reference?) [I:\NMSFM REPOS\Fire Grant App - CVE Fixes\NMSFM_FGF_CVE\NMSFMFireGrantWF\NMSFMFireGrantWF\NMSFMFireGrantWF.csproj]
I:\NMSFM REPOS\Fire Grant App - CVE Fixes\NMSFM_FGF_CVE\NMSFMFireGrantWF\NMSFMFireGrantWF\Application\PPE.aspx.designer.cs(168,35): error CS0234: The type or namespace name 'Web' does not exist in the namespace 'Telerik' (are you missing an assembly reference?) [I:\NMSFM REPOS\Fire Grant App - CVE Fixes\NMSFM_FGF_CVE\NMSFMFireGrantWF\NMSFMFireGrantWF\NMSFMFireGrantWF.csproj]
I:\NMSFM REPOS\Fire Grant App - CVE Fixes\NMSFM_FGF_CVE\NMSFMFireGrantWF\NMSFMFireGrantWF\Application\WaterAvailability.aspx.designer.cs(168,35): error CS0234: The type or namespace name 'Web' does not exist in the namespace 'Telerik' (are you missing an assembly reference?) [I:\NMSFM REPOS\Fire Grant App - CVE Fixes\NMSFM_FGF_CVE\NMSFMFireGrantWF\NMSFMFireGrantWF\NMSFMFireGrantWF.csproj]
I:\NMSFM REPOS\Fire Grant App - CVE Fixes\NMSFM_FGF_CVE\NMSFMFireGrantWF\NMSFMFireGrantWF\Application\SignaturesDocs.aspx.cs(1226,66): error CS0246: The type or namespace name 'GridNeedDataSourceEventArgs' could not be found (are you missing a using directive or an assembly reference?) [I:\NMSFM REPOS\Fire Grant App - CVE Fixes\NMSFM_FGF_CVE\NMSFMFireGrantWF\NMSFMFireGrantWF\NMSFMFireGrantWF.csproj]
I:\NMSFM REPOS\Fire Grant App - CVE Fixes\NMSFM_FGF_CVE\NMSFMFireGrantWF\NMSFMFireGrantWF\Application\SignaturesDocs.aspx.cs(1236,68): error CS0246: The type or namespace name 'GridPageChangedEventArgs' could not be found (are you missing a using directive or an assembly reference?) [I:\NMSFM REPOS\Fire Grant App - CVE Fixes\NMSFM_FGF_CVE\NMSFMFireGrantWF\NMSFMFireGrantWF\NMSFMFireGrantWF.csproj]
I:\NMSFM REPOS\Fire Grant App - CVE Fixes\NMSFM_FGF_CVE\NMSFMFireGrantWF\NMSFMFireGrantWF\Application\Training.aspx.cs(51,9): error CS0246: The type or namespace name 'RadMenu' could not be found (are you missing a using directive or an assembly reference?) [I:\NMSFM REPOS\Fire Grant App - CVE Fixes\NMSFM_FGF_CVE\NMSFMFireGrantWF\NMSFMFireGrantWF\NMSFMFireGrantWF.csproj]
I:\NMSFM REPOS\Fire Grant App - CVE Fixes\NMSFM_FGF_CVE\NMSFMFireGrantWF\NMSFMFireGrantWF\Application\Training.aspx.designer.cs(42,35): error CS0234: The type or namespace name 'Web' does not exist in the namespace 'Telerik' (are you missing an assembly reference?) [I:\NMSFM REPOS\Fire Grant App - CVE Fixes\NMSFM_FGF_CVE\NMSFMFireGrantWF\NMSFMFireGrantWF\NMSFMFireGrantWF.csproj]
I:\NMSFM REPOS\Fire Grant App - CVE Fixes\NMSFM_FGF_CVE\NMSFMFireGrantWF\NMSFMFireGrantWF\Application\Training.aspx.designer.cs(60,35): error CS0234: The type or namespace name 'Web' does not exist in the namespace 'Telerik' (are you missing an assembly reference?) [I:\NMSFM REPOS\Fire Grant App - CVE Fixes\NMSFM_FGF_CVE\NMSFMFireGrantWF\NMSFMFireGrantWF\NMSFMFireGrantWF.csproj]
I:\NMSFM REPOS\Fire Grant App - CVE Fixes\NMSFM_FGF_CVE\NMSFMFireGrantWF\NMSFMFireGrantWF\Application\SignaturesDocs.aspx.cs(1247,65): error CS0246: The type or namespace name 'GridItemEventArgs' could not be found (are you missing a using directive or an assembly reference?) [I:\NMSFM REPOS\Fire Grant App - CVE Fixes\NMSFM_FGF_CVE\NMSFMFireGrantWF\NMSFMFireGrantWF\NMSFMFireGrantWF.csproj]
I:\NMSFM REPOS\Fire Grant App - CVE Fixes\NMSFM_FGF_CVE\NMSFMFireGrantWF\NMSFMFireGrantWF\Application\Training.aspx.designer.cs(87,35): error CS0234: The type or namespace name 'Web' does not exist in the namespace 'Telerik' (are you missing an assembly reference?) [I:\NMSFM REPOS\Fire Grant App - CVE Fixes\NMSFM_FGF_CVE\NMSFMFireGrantWF\NMSFMFireGrantWF\NMSFMFireGrantWF.csproj]
I:\NMSFM REPOS\Fire Grant App - CVE Fixes\NMSFM_FGF_CVE\NMSFMFireGrantWF\NMSFMFireGrantWF\Application\Training.aspx.designer.cs(186,35): error CS0234: The type or namespace name 'Web' does not exist in the namespace 'Telerik' (are you missing an assembly reference?) [I:\NMSFM REPOS\Fire Grant App - CVE Fixes\NMSFM_FGF_CVE\NMSFMFireGrantWF\NMSFMFireGrantWF\NMSFMFireGrantWF.csproj]
I:\NMSFM REPOS\Fire Grant App - CVE Fixes\NMSFM_FGF_CVE\NMSFMFireGrantWF\NMSFMFireGrantWF\Application\SignaturesDocs.aspx.cs(1252,69): error CS0246: The type or namespace name 'GridCommandEventArgs' could not be found (are you missing a using directive or an assembly reference?) [I:\NMSFM REPOS\Fire Grant App - CVE Fixes\NMSFM_FGF_CVE\NMSFMFireGrantWF\NMSFMFireGrantWF\NMSFMFireGrantWF.csproj]
I:\NMSFM REPOS\Fire Grant App - CVE Fixes\NMSFM_FGF_CVE\NMSFMFireGrantWF\NMSFMFireGrantWF\Application\Training.aspx.designer.cs(249,35): error CS0234: The type or namespace name 'Web' does not exist in the namespace 'Telerik' (are you missing an assembly reference?) [I:\NMSFM REPOS\Fire Grant App - CVE Fixes\NMSFM_FGF_CVE\NMSFMFireGrantWF\NMSFMFireGrantWF\NMSFMFireGrantWF.csproj]
I:\NMSFM REPOS\Fire Grant App - CVE Fixes\NMSFM_FGF_CVE\NMSFMFireGrantWF\NMSFMFireGrantWF\Application\SignaturesDocs.aspx.cs(1421,67): error CS0246: The type or namespace name 'GridNeedDataSourceEventArgs' could not be found (are you missing a using directive or an assembly reference?) [I:\NMSFM REPOS\Fire Grant App - CVE Fixes\NMSFM_FGF_CVE\NMSFMFireGrantWF\NMSFMFireGrantWF\NMSFMFireGrantWF.csproj]
I:\NMSFM REPOS\Fire Grant App - CVE Fixes\NMSFM_FGF_CVE\NMSFMFireGrantWF\NMSFMFireGrantWF\Application\SignaturesDocs.aspx.cs(1427,69): error CS0246: The type or namespace name 'GridPageChangedEventArgs' could not be found (are you missing a using directive or an assembly reference?) [I:\NMSFM REPOS\Fire Grant App - CVE Fixes\NMSFM_FGF_CVE\NMSFMFireGrantWF\NMSFMFireGrantWF\NMSFMFireGrantWF.csproj]
I:\NMSFM REPOS\Fire Grant App - CVE Fixes\NMSFM_FGF_CVE\NMSFMFireGrantWF\NMSFMFireGrantWF\Application\SignaturesDocs.aspx.cs(1434,66): error CS0246: The type or namespace name 'GridItemEventArgs' could not be found (are you missing a using directive or an assembly reference?) [I:\NMSFM REPOS\Fire Grant App - CVE Fixes\NMSFM_FGF_CVE\NMSFMFireGrantWF\NMSFMFireGrantWF\NMSFMFireGrantWF.csproj]
I:\NMSFM REPOS\Fire Grant App - CVE Fixes\NMSFM_FGF_CVE\NMSFMFireGrantWF\NMSFMFireGrantWF\Application\SignaturesDocs.aspx.cs(1439,64): error CS0246: The type or namespace name 'GridCommandEventArgs' could not be found (are you missing a using directive or an assembly reference?) [I:\NMSFM REPOS\Fire Grant App - CVE Fixes\NMSFM_FGF_CVE\NMSFMFireGrantWF\NMSFMFireGrantWF\NMSFMFireGrantWF.csproj]
I:\NMSFM REPOS\Fire Grant App - CVE Fixes\NMSFM_FGF_CVE\NMSFMFireGrantWF\NMSFMFireGrantWF\Application\SignaturesDocs.aspx.cs(49,9): error CS0246: The type or namespace name 'RadMenu' could not be found (are you missing a using directive or an assembly reference?) [I:\NMSFM REPOS\Fire Grant App - CVE Fixes\NMSFM_FGF_CVE\NMSFMFireGrantWF\NMSFMFireGrantWF\NMSFMFireGrantWF.csproj]
I:\NMSFM REPOS\Fire Grant App - CVE Fixes\NMSFM_FGF_CVE\NMSFMFireGrantWF\NMSFMFireGrantWF\Application\SignaturesDocs.aspx.designer.cs(69,35): error CS0234: The type or namespace name 'Web' does not exist in the namespace 'Telerik' (are you missing an assembly reference?) [I:\NMSFM REPOS\Fire Grant App - CVE Fixes\NMSFM_FGF_CVE\NMSFMFireGrantWF\NMSFMFireGrantWF\NMSFMFireGrantWF.csproj]
I:\NMSFM REPOS\Fire Grant App - CVE Fixes\NMSFM_FGF_CVE\NMSFMFireGrantWF\NMSFMFireGrantWF\Application\SignaturesDocs.aspx.designer.cs(96,35): error CS0234: The type or namespace name 'Web' does not exist in the namespace 'Telerik' (are you missing an assembly reference?) [I:\NMSFM REPOS\Fire Grant App - CVE Fixes\NMSFM_FGF_CVE\NMSFMFireGrantWF\NMSFMFireGrantWF\NMSFMFireGrantWF.csproj]
I:\NMSFM REPOS\Fire Grant App - CVE Fixes\NMSFM_FGF_CVE\NMSFMFireGrantWF\NMSFMFireGrantWF\Application\SignaturesDocs.aspx.designer.cs(123,35): error CS0234: The type or namespace name 'Web' does not exist in the namespace 'Telerik' (are you missing an assembly reference?) [I:\NMSFM REPOS\Fire Grant App - CVE Fixes\NMSFM_FGF_CVE\NMSFMFireGrantWF\NMSFMFireGrantWF\NMSFMFireGrantWF.csproj]
I:\NMSFM REPOS\Fire Grant App - CVE Fixes\NMSFM_FGF_CVE\NMSFMFireGrantWF\NMSFMFireGrantWF\Application\SignaturesDocs.aspx.designer.cs(168,35): error CS0234: The type or namespace name 'Web' does not exist in the namespace 'Telerik' (are you missing an assembly reference?) [I:\NMSFM REPOS\Fire Grant App - CVE Fixes\NMSFM_FGF_CVE\NMSFMFireGrantWF\NMSFMFireGrantWF\NMSFMFireGrantWF.csproj]
I:\NMSFM REPOS\Fire Grant App - CVE Fixes\NMSFM_FGF_CVE\NMSFMFireGrantWF\NMSFMFireGrantWF\Application\SignaturesDocs.aspx.designer.cs(420,35): error CS0234: The type or namespace name 'Web' does not exist in the namespace 'Telerik' (are you missing an assembly reference?) [I:\NMSFM REPOS\Fire Grant App - CVE Fixes\NMSFM_FGF_CVE\NMSFMFireGrantWF\NMSFMFireGrantWF\NMSFMFireGrantWF.csproj]
